// Vitest Snapshot v1, https://vitest.dev/guide/snapshot.html

exports[`buildDiagramGenerationSpec + createDiagramGenerationCollaborator > golden snapshot: stable diagram from fixture spec 1`] = `
{
  "annularBand": {
    "center": {
      "x": 0,
      "y": 0,
    },
    "rInner": 118,
    "rOuter": 123.9,
    "sweepRad": 3.141592653589793,
    "thetaLeft": 3.141592653589793,
  },
  "centreFrameDiagram": {
    "frameArc": {
      "center": {
        "x": 0,
        "y": 0,
      },
      "radius": 53.1,
      "sweepRad": 3.141592653589793,
      "thetaLeft": 3.141592653589793,
      "thetaRight": 6.283185307179586,
    },
  },
  "hand": {
    "arm": {
      "end": {
        "x": 48.942087362739656,
        "y": -34.26166282053241,
      },
      "start": {
        "x": 7.73338588912243,
        "y": -5.41371800982671,
      },
    },
    "bossCircle": {
      "center": {
        "x": 0,
        "y": 0,
      },
      "radius": 9.44,
    },
    "extension": {
      "end": {
        "x": 71.53381947438247,
        "y": -50.07689159089707,
      },
      "start": {
        "x": 67.66712652982126,
        "y": -47.370032585983715,
      },
    },
    "pointerPip": {
      "circle": {
        "center": {
          "x": 55.86001063045406,
          "y": -39.10452031167394,
        },
        "radius": 5.612579978749101,
      },
      "triangle": {
        "v1": {
          "x": 67.66712652982126,
          "y": -47.370032585983715,
        },
        "v2": {
          "x": 54.68586236038286,
          "y": -44.59291077316117,
        },
        "v3": {
          "x": 60.61517793476375,
          "y": -36.123004266793515,
        },
      },
    },
    "projection": {
      "end": {
        "x": 96.66732361403038,
        "y": -67.67147512283388,
      },
      "start": {
        "x": 71.53381947438247,
        "y": -50.07689159089707,
      },
    },
    "smallCircle": {
      "center": {
        "x": 50.102095246108014,
        "y": -35.07372052200641,
      },
      "radius": 1.416,
    },
    "theta": 5.67242915205982,
    "timeHours": 19.33416666666667,
  },
  "homeMenuTrigger": {
    "center": {
      "x": -119.652,
      "y": -123.31000000000002,
    },
    "cornerRadius": 4.484,
    "height": 15.34,
    "label": "Menu",
    "labelSize": 4.956,
    "width": 23.6,
  },
  "insideTrack": {
    "center": {
      "x": 0,
      "y": 0,
    },
    "radius": 87.32,
    "sweepRad": 3.141592653589793,
    "thetaLeft": 3.141592653589793,
  },
  "mainLabel": {
    "center": {
      "x": 0,
      "y": 0,
    },
    "content": "Lymington Tide coming in High tide in 3h 45m",
    "fontSize": 5.31,
    "radius": 76.7,
    "sweepRad": 1.8276923076923075,
    "thetaStart": 3.4931647489786526,
  },
  "meta": {
    "height": 320,
    "title": "home-tide-diagram",
    "width": 420,
  },
  "paintOrder": {
    "overrides": [
      {
        "name": "Hand",
        "place": "before",
        "relativeTo": "AnnularBand",
      },
    ],
  },
  "refArc": {
    "center": {
      "x": 0,
      "y": 0,
    },
    "refRadius": 118,
    "sweepRad": 3.141592653589793,
    "thetaLeft": 3.141592653589793,
    "thetaRight": 6.283185307179586,
  },
  "tickLabels": [
    {
      "anchor": {
        "x": -128.62,
        "y": -2.3599999999999843,
      },
      "content": "00",
      "fontSize": 4.72,
      "hour": 0,
      "theta": 3.141592653589793,
    },
    {
      "anchor": {
        "x": -118.82938547160171,
        "y": -51.58074307079782,
      },
      "content": "03",
      "fontSize": 4.72,
      "hour": 3,
      "theta": 3.5342917352885173,
    },
    {
      "anchor": {
        "x": -90.94807419621377,
        "y": -93.30807419621374,
      },
      "content": "06",
      "fontSize": 4.72,
      "hour": 6,
      "theta": 3.9269908169872414,
    },
    {
      "anchor": {
        "x": -49.220743070797916,
        "y": -121.18938547160168,
      },
      "content": "09",
      "fontSize": 4.72,
      "hour": 9,
      "theta": 4.319689898685965,
    },
    {
      "anchor": {
        "x": -2.3627110695949883e-14,
        "y": -130.98000000000002,
      },
      "content": "12",
      "fontSize": 4.72,
      "hour": 12,
      "theta": 4.71238898038469,
    },
    {
      "anchor": {
        "x": 49.22074307079788,
        "y": -121.1893854716017,
      },
      "content": "15",
      "fontSize": 4.72,
      "hour": 15,
      "theta": 5.105088062083414,
    },
    {
      "anchor": {
        "x": 90.94807419621372,
        "y": -93.30807419621377,
      },
      "content": "18",
      "fontSize": 4.72,
      "hour": 18,
      "theta": 5.497787143782138,
    },
    {
      "anchor": {
        "x": 118.82938547160168,
        "y": -51.58074307079792,
      },
      "content": "21",
      "fontSize": 4.72,
      "hour": 21,
      "theta": 5.890486225480862,
    },
  ],
  "tickMarks": [
    {
      "end": {
        "x": -120.36,
        "y": 1.4739848874537543e-14,
      },
      "hour": 0,
      "start": {
        "x": -118,
        "y": 1.4450832229938766e-14,
      },
      "theta": 3.141592653589793,
    },
    {
      "end": {
        "x": -119.33030351495184,
        "y": -15.710132495605377,
      },
      "hour": 1,
      "start": {
        "x": -116.99049364210964,
        "y": -15.402090681966056,
      },
      "theta": 3.2724923474893677,
    },
    {
      "end": {
        "x": -116.25883245215226,
        "y": -31.151460268539402,
      },
      "hour": 2,
      "start": {
        "x": -113.97924750211006,
        "y": -30.540647322097453,
      },
      "theta": 3.4033920413889427,
    },
    {
      "end": {
        "x": -111.19814053305848,
        "y": -46.059777919462185,
      },
      "hour": 3,
      "start": {
        "x": -109.01778483633184,
        "y": -45.15664501908057,
      },
      "theta": 3.5342917352885173,
    },
    {
      "end": {
        "x": -104.23481759949506,
        "y": -60.179999999999964,
      },
      "hour": 4,
      "start": {
        "x": -102.19099764656379,
        "y": -58.999999999999964,
      },
      "theta": 3.665191429188092,
    },
    {
      "end": {
        "x": -95.48800803745307,
        "y": -73.27052559548962,
      },
      "hour": 5,
      "start": {
        "x": -93.61569415436576,
        "y": -71.83384862302904,
      },
      "theta": 3.796091123087667,
    },
    {
      "end": {
        "x": -85.10737218361288,
        "y": -85.10737218361285,
      },
      "hour": 6,
      "start": {
        "x": -83.43860018001263,
        "y": -83.4386001800126,
      },
      "theta": 3.9269908169872414,
    },
    {
      "end": {
        "x": -73.27052559548964,
        "y": -95.48800803745304,
      },
      "hour": 7,
      "start": {
        "x": -71.83384862302907,
        "y": -93.61569415436573,
      },
      "theta": 4.057890510886816,
    },
    {
      "end": {
        "x": -60.18000000000006,
        "y": -104.23481759949502,
      },
      "hour": 8,
      "start": {
        "x": -59.00000000000005,
        "y": -102.19099764656374,
      },
      "theta": 4.1887902047863905,
    },
    {
      "end": {
        "x": -46.05977791946227,
        "y": -111.19814053305845,
      },
      "hour": 9,
      "start": {
        "x": -45.156645019080656,
        "y": -109.01778483633181,
      },
      "theta": 4.319689898685965,
    },
    {
      "end": {
        "x": -31.15146026853938,
        "y": -116.25883245215226,
      },
      "hour": 10,
      "start": {
        "x": -30.540647322097435,
        "y": -113.97924750211006,
      },
      "theta": 4.4505895925855405,
    },
    {
      "end": {
        "x": -15.710132495605414,
        "y": -119.33030351495182,
      },
      "hour": 11,
      "start": {
        "x": -15.402090681966092,
        "y": -116.99049364210963,
      },
      "theta": 4.581489286485115,
    },
    {
      "end": {
        "x": -2.2109773311806313e-14,
        "y": -120.36,
      },
      "hour": 12,
      "start": {
        "x": -2.167624834490815e-14,
        "y": -118,
      },
      "theta": 4.71238898038469,
    },
    {
      "end": {
        "x": 15.71013249560537,
        "y": -119.33030351495184,
      },
      "hour": 13,
      "start": {
        "x": 15.40209068196605,
        "y": -116.99049364210964,
      },
      "theta": 4.843288674284264,
    },
    {
      "end": {
        "x": 31.151460268539342,
        "y": -116.25883245215228,
      },
      "hour": 14,
      "start": {
        "x": 30.540647322097396,
        "y": -113.97924750211007,
      },
      "theta": 4.974188368183839,
    },
    {
      "end": {
        "x": 46.059777919462235,
        "y": -111.19814053305846,
      },
      "hour": 15,
      "start": {
        "x": 45.15664501908062,
        "y": -109.01778483633183,
      },
      "theta": 5.105088062083414,
    },
    {
      "end": {
        "x": 60.17999999999992,
        "y": -104.23481759949509,
      },
      "hour": 16,
      "start": {
        "x": 58.99999999999992,
        "y": -102.1909976465638,
      },
      "theta": 5.235987755982988,
    },
    {
      "end": {
        "x": 73.2705255954896,
        "y": -95.48800803745307,
      },
      "hour": 17,
      "start": {
        "x": 71.83384862302903,
        "y": -93.61569415436576,
      },
      "theta": 5.366887449882563,
    },
    {
      "end": {
        "x": 85.10737218361284,
        "y": -85.10737218361288,
      },
      "hour": 18,
      "start": {
        "x": 83.43860018001259,
        "y": -83.43860018001263,
      },
      "theta": 5.497787143782138,
    },
    {
      "end": {
        "x": 95.48800803745304,
        "y": -73.27052559548964,
      },
      "hour": 19,
      "start": {
        "x": 93.61569415436573,
        "y": -71.83384862302907,
      },
      "theta": 5.6286868376817125,
    },
    {
      "end": {
        "x": 104.23481759949506,
        "y": -60.17999999999996,
      },
      "hour": 20,
      "start": {
        "x": 102.19099764656379,
        "y": -58.99999999999996,
      },
      "theta": 5.759586531581288,
    },
    {
      "end": {
        "x": 111.19814053305845,
        "y": -46.05977791946228,
      },
      "hour": 21,
      "start": {
        "x": 109.01778483633181,
        "y": -45.15664501908066,
      },
      "theta": 5.890486225480862,
    },
    {
      "end": {
        "x": 116.25883245215226,
        "y": -31.151460268539388,
      },
      "hour": 22,
      "start": {
        "x": 113.97924750211006,
        "y": -30.540647322097442,
      },
      "theta": 6.021385919380437,
    },
    {
      "end": {
        "x": 119.33030351495182,
        "y": -15.710132495605421,
      },
      "hour": 23,
      "start": {
        "x": 116.99049364210963,
        "y": -15.402090681966099,
      },
      "theta": 6.152285613280012,
    },
    {
      "end": {
        "x": 120.36,
        "y": -2.9479697749075086e-14,
      },
      "hour": 24,
      "start": {
        "x": 118,
        "y": -2.890166445987753e-14,
      },
      "theta": 6.283185307179586,
    },
  ],
  "tideMarks": [
    {
      "heightLabel": {
        "anchor": {
          "x": -90.18527167812269,
          "y": -56.08080573906907,
        },
        "angleRad": 5.268712679457883,
        "content": "0.94 m",
        "fontSize": 5.31,
      },
      "theta": 3.6979163526629857,
      "timeHours": 4.25,
      "timeLabel": {
        "anchor": {
          "x": -82.26900894193192,
          "y": -51.15815723530634,
        },
        "angleRad": 5.268712679457883,
        "content": "04:15",
        "fontSize": 5.31,
      },
      "timePointer": {
        "circle": {
          "center": {
            "x": -95.31012997834216,
            "y": -59.26764741983304,
          },
          "radius": 2.245031991499648,
        },
        "triangle": {
          "v1": {
            "x": -100.20585742013633,
            "y": -62.31200637674341,
          },
          "v2": {
            "x": -97.14449534163482,
            "y": -57.97332429294043,
          },
          "v3": {
            "x": -94.96060590101064,
            "y": -61.48530419269542,
          },
        },
      },
    },
    {
      "heightLabel": {
        "anchor": {
          "x": -17.299499274505347,
          "y": -104.78152186741416,
        },
        "angleRad": 6.119560689805118,
        "content": "4.7 m",
        "fontSize": 5.31,
      },
      "theta": 4.548764363010221,
      "timeHours": 10.75,
      "timeLabel": {
        "anchor": {
          "x": -15.78098767152099,
          "y": -95.5840327257189,
        },
        "angleRad": 6.119560689805118,
        "content": "10:45",
        "fontSize": 5.31,
      },
      "timePointer": {
        "circle": {
          "center": {
            "x": -18.282558712004352,
            "y": -110.73582507080638,
          },
          "radius": 2.245031991499631,
        },
        "triangle": {
          "v1": {
            "x": -19.221665860561497,
            "y": -116.42391318601572,
          },
          "v2": {
            "x": -20.465163488194396,
            "y": -111.26156743528657,
          },
          "v3": {
            "x": -16.38477883317579,
            "y": -111.93524166831133,
          },
        },
      },
    },
    {
      "heightLabel": {
        "anchor": {
          "x": 64.5401200124374,
          "y": -84.33867979035584,
        },
        "angleRad": 6.936374779738464,
        "content": "0.89 m",
        "fontSize": 5.31,
      },
      "theta": 5.365578452943567,
      "timeHours": 16.99,
      "timeLabel": {
        "anchor": {
          "x": 58.87493170023456,
          "y": -76.93561789764684,
        },
        "angleRad": 6.936374779738464,
        "content": "16:59",
        "fontSize": 5.31,
      },
      "timePointer": {
        "circle": {
          "center": {
            "x": 68.20766975296934,
            "y": -89.13130030488723,
          },
          "radius": 2.2450319914996353,
        },
        "triangle": {
          "v1": {
            "x": 71.71124445826378,
            "y": -93.7096442115065,
          },
          "v2": {
            "x": 67.0968236598547,
            "y": -91.08224612685892,
          },
          "v3": {
            "x": 70.38112654750076,
            "y": -88.56893547209445,
          },
        },
      },
    },
    {
      "heightLabel": {
        "anchor": {
          "x": 105.46387012861318,
          "y": -12.48247161002236,
        },
        "angleRad": 7.736171909464866,
        "content": "4.8 m",
        "fontSize": 5.31,
      },
      "theta": 6.165375582669969,
      "timeHours": 23.1,
      "timeLabel": {
        "anchor": {
          "x": 96.20648597287935,
          "y": -11.386787990920396,
        },
        "angleRad": 7.736171909464866,
        "content": "23:06",
        "fontSize": 5.31,
      },
      "timePointer": {
        "circle": {
          "center": {
            "x": 111.4569483790278,
            "y": -13.191799164816386,
          },
          "radius": 2.2450319914996366,
        },
        "triangle": {
          "v1": {
            "x": 117.18207792068131,
            "y": -13.869412900024845,
          },
          "v2": {
            "x": 112.08209989796424,
            "y": -15.348035288534819,
          },
          "v3": {
            "x": 112.56819023819321,
            "y": -11.24107874064088,
          },
        },
      },
    },
  ],
  "timeDeltaDiagram": {
    "countdownStripes": [
      {
        "anchor": {
          "x": 0,
          "y": -7.67,
        },
        "content": "Lymington",
        "fontSize": 5.664,
        "hAlign": "center",
      },
      {
        "anchor": {
          "x": 0,
          "y": -18.29,
        },
        "content": "Tide coming in",
        "fontSize": 5.31,
        "hAlign": "center",
      },
      {
        "anchor": {
          "x": 0,
          "y": -29.5,
        },
        "content": "High tide in 3h 45m",
        "fontSize": 5.31,
        "hAlign": "center",
      },
      {
        "anchor": {
          "x": 0,
          "y": -41.3,
        },
        "content": "at 23:06",
        "fontSize": 5.31,
        "hAlign": "center",
      },
    ],
    "timeDeltaEmptyStripes": null,
  },
  "timeNowClock": {
    "hhmm": {
      "anchor": {
        "x": 116.46600000000001,
        "y": -130.98000000000002,
      },
      "content": "19:20",
      "fontSize": 4.130000000000001,
      "hAlign": "right",
    },
    "seconds": {
      "anchor": {
        "x": 123.9,
        "y": -130.98000000000002,
      },
      "content": "03",
      "fontSize": 4.130000000000001,
      "hAlign": "right",
    },
    "secondsColon": {
      "anchor": {
        "x": 118.944,
        "y": -130.98000000000002,
      },
      "content": ":",
      "fontSize": 4.130000000000001,
      "hAlign": "right",
    },
  },
  "timeNowDate": {
    "anchor": {
      "x": 96.64200000000001,
      "y": -130.98000000000002,
    },
    "content": "Mon 23 Mar",
    "fontSize": 4.130000000000001,
    "hAlign": "right",
  },
  "timeNowLocation": {
    "anchor": {
      "x": 123.9,
      "y": -120.95000000000002,
    },
    "content": "Lymington",
    "fontSize": 4.130000000000001,
    "hAlign": "right",
  },
  "version": 1,
}
`;

exports[`buildDiagramGenerationSpec + createDiagramGenerationCollaborator > golden snapshot: stable scene from fixture spec 1`] = `
{
  "meta": {
    "height": 320,
    "previewFrame": {
      "maxX": 334.9,
      "maxY": 170.44,
      "minX": 77.548,
      "minY": 27.075999999999983,
    },
    "title": "home-tide-diagram",
    "width": 420,
  },
  "root": {
    "children": [
      {
        "children": [
          {
            "children": [
              {
                "center": {
                  "x": 210,
                  "y": 160,
                },
                "kind": "circle",
                "radius": 9.44,
              },
            ],
            "kind": "group",
            "name": "BossCircle",
          },
          {
            "children": [
              {
                "center": {
                  "x": 260.10209524610804,
                  "y": 124.92627947799359,
                },
                "kind": "circle",
                "radius": 1.416,
              },
            ],
            "kind": "group",
            "name": "SmallCircle",
          },
          {
            "children": [
              {
                "end": {
                  "x": 281.5338194743825,
                  "y": 109.92310840910292,
                },
                "kind": "line",
                "start": {
                  "x": 277.66712652982125,
                  "y": 112.62996741401628,
                },
              },
            ],
            "kind": "group",
            "name": "Extension",
          },
          {
            "children": [
              {
                "end": {
                  "x": 306.66732361403035,
                  "y": 92.32852487716612,
                },
                "kind": "line",
                "start": {
                  "x": 281.5338194743825,
                  "y": 109.92310840910292,
                },
              },
            ],
            "kind": "group",
            "name": "Projection",
          },
          {
            "children": [
              {
                "end": {
                  "x": 258.94208736273964,
                  "y": 125.73833717946759,
                },
                "kind": "line",
                "start": {
                  "x": 217.73338588912242,
                  "y": 154.5862819901733,
                },
              },
            ],
            "kind": "group",
            "name": "Arm",
          },
          {
            "children": [
              {
                "children": [
                  {
                    "end": {
                      "x": 264.6858623603829,
                      "y": 115.40708922683882,
                    },
                    "kind": "line",
                    "start": {
                      "x": 277.66712652982125,
                      "y": 112.62996741401628,
                    },
                  },
                ],
                "kind": "group",
                "name": "PointerPipSideA",
              },
              {
                "children": [
                  {
                    "end": {
                      "x": 270.6151779347638,
                      "y": 123.87699573320648,
                    },
                    "kind": "line",
                    "start": {
                      "x": 277.66712652982125,
                      "y": 112.62996741401628,
                    },
                  },
                ],
                "kind": "group",
                "name": "PointerPipSideB",
              },
              {
                "children": [
                  {
                    "center": {
                      "x": 265.86001063045404,
                      "y": 120.89547968832606,
                    },
                    "kind": "arc",
                    "start": {
                      "x": 264.6858623603829,
                      "y": 115.40708922683882,
                    },
                    "sweepRad": -3.9415926535898067,
                  },
                ],
                "kind": "group",
                "name": "PointerPipHeadArc",
              },
            ],
            "kind": "group",
            "name": "PointerPip",
          },
        ],
        "kind": "group",
        "name": "Hand",
      },
      {
        "children": [
          {
            "center": {
              "x": 210,
              "y": 160,
            },
            "kind": "annularSector",
            "rInner": 118,
            "rOuter": 123.9,
            "sweepRad": 3.141592653589793,
            "thetaStart": 3.141592653589793,
          },
        ],
        "kind": "group",
        "name": "AnnularBand",
      },
      {
        "children": [
          {
            "center": {
              "x": 210,
              "y": 160,
            },
            "kind": "arc",
            "start": {
              "x": 122.68,
              "y": 160,
            },
            "sweepRad": 3.141592653589793,
          },
        ],
        "kind": "group",
        "name": "InsideTrack",
      },
      {
        "children": [
          {
            "center": {
              "x": 210,
              "y": 160,
            },
            "kind": "arc",
            "start": {
              "x": 92,
              "y": 160.00000000000003,
            },
            "sweepRad": 3.141592653589793,
          },
        ],
        "kind": "group",
        "name": "RefArc",
      },
      {
        "children": [
          {
            "end": {
              "x": 89.64,
              "y": 160.00000000000003,
            },
            "kind": "line",
            "start": {
              "x": 92,
              "y": 160.00000000000003,
            },
          },
          {
            "end": {
              "x": 90.66969648504816,
              "y": 144.28986750439464,
            },
            "kind": "line",
            "start": {
              "x": 93.00950635789036,
              "y": 144.59790931803394,
            },
          },
          {
            "end": {
              "x": 93.74116754784774,
              "y": 128.8485397314606,
            },
            "kind": "line",
            "start": {
              "x": 96.02075249788994,
              "y": 129.45935267790256,
            },
          },
          {
            "end": {
              "x": 98.80185946694152,
              "y": 113.94022208053781,
            },
            "kind": "line",
            "start": {
              "x": 100.98221516366816,
              "y": 114.84335498091943,
            },
          },
          {
            "end": {
              "x": 105.76518240050494,
              "y": 99.82000000000004,
            },
            "kind": "line",
            "start": {
              "x": 107.80900235343621,
              "y": 101.00000000000003,
            },
          },
          {
            "end": {
              "x": 114.51199196254693,
              "y": 86.72947440451038,
            },
            "kind": "line",
            "start": {
              "x": 116.38430584563424,
              "y": 88.16615137697096,
            },
          },
          {
            "end": {
              "x": 124.89262781638712,
              "y": 74.89262781638715,
            },
            "kind": "line",
            "start": {
              "x": 126.56139981998737,
              "y": 76.5613998199874,
            },
          },
          {
            "end": {
              "x": 136.72947440451037,
              "y": 64.51199196254696,
            },
            "kind": "line",
            "start": {
              "x": 138.16615137697093,
              "y": 66.38430584563427,
            },
          },
          {
            "end": {
              "x": 149.81999999999994,
              "y": 55.76518240050498,
            },
            "kind": "line",
            "start": {
              "x": 150.99999999999994,
              "y": 57.809002353436256,
            },
          },
          {
            "end": {
              "x": 163.94022208053772,
              "y": 48.80185946694155,
            },
            "kind": "line",
            "start": {
              "x": 164.84335498091934,
              "y": 50.98221516366819,
            },
          },
          {
            "end": {
              "x": 178.84853973146062,
              "y": 43.74116754784774,
            },
            "kind": "line",
            "start": {
              "x": 179.45935267790256,
              "y": 46.020752497889944,
            },
          },
          {
            "end": {
              "x": 194.28986750439458,
              "y": 40.66969648504818,
            },
            "kind": "line",
            "start": {
              "x": 194.5979093180339,
              "y": 43.00950635789037,
            },
          },
          {
            "end": {
              "x": 209.99999999999997,
              "y": 39.64,
            },
            "kind": "line",
            "start": {
              "x": 209.99999999999997,
              "y": 42,
            },
          },
          {
            "end": {
              "x": 225.71013249560536,
              "y": 40.66969648504816,
            },
            "kind": "line",
            "start": {
              "x": 225.40209068196606,
              "y": 43.00950635789036,
            },
          },
          {
            "end": {
              "x": 241.15146026853935,
              "y": 43.74116754784772,
            },
            "kind": "line",
            "start": {
              "x": 240.54064732209739,
              "y": 46.02075249788993,
            },
          },
          {
            "end": {
              "x": 256.05977791946225,
              "y": 48.801859466941536,
            },
            "kind": "line",
            "start": {
              "x": 255.15664501908063,
              "y": 50.98221516366817,
            },
          },
          {
            "end": {
              "x": 270.17999999999995,
              "y": 55.76518240050491,
            },
            "kind": "line",
            "start": {
              "x": 268.99999999999994,
              "y": 57.8090023534362,
            },
          },
          {
            "end": {
              "x": 283.27052559548963,
              "y": 64.51199196254693,
            },
            "kind": "line",
            "start": {
              "x": 281.83384862302904,
              "y": 66.38430584563424,
            },
          },
          {
            "end": {
              "x": 295.1073721836128,
              "y": 74.89262781638712,
            },
            "kind": "line",
            "start": {
              "x": 293.4386001800126,
              "y": 76.56139981998737,
            },
          },
          {
            "end": {
              "x": 305.488008037453,
              "y": 86.72947440451036,
            },
            "kind": "line",
            "start": {
              "x": 303.6156941543657,
              "y": 88.16615137697093,
            },
          },
          {
            "end": {
              "x": 314.23481759949505,
              "y": 99.82000000000005,
            },
            "kind": "line",
            "start": {
              "x": 312.1909976465638,
              "y": 101.00000000000004,
            },
          },
          {
            "end": {
              "x": 321.19814053305845,
              "y": 113.94022208053772,
            },
            "kind": "line",
            "start": {
              "x": 319.0177848363318,
              "y": 114.84335498091934,
            },
          },
          {
            "end": {
              "x": 326.25883245215226,
              "y": 128.84853973146062,
            },
            "kind": "line",
            "start": {
              "x": 323.97924750211007,
              "y": 129.45935267790256,
            },
          },
          {
            "end": {
              "x": 329.3303035149518,
              "y": 144.28986750439458,
            },
            "kind": "line",
            "start": {
              "x": 326.99049364210964,
              "y": 144.5979093180339,
            },
          },
          {
            "end": {
              "x": 330.36,
              "y": 159.99999999999997,
            },
            "kind": "line",
            "start": {
              "x": 328,
              "y": 159.99999999999997,
            },
          },
        ],
        "kind": "group",
        "name": "TickMark",
      },
      {
        "children": [
          {
            "children": [
              {
                "children": [
                  {
                    "end": {
                      "x": 112.85550465836518,
                      "y": 102.02667570705957,
                    },
                    "kind": "line",
                    "start": {
                      "x": 109.79414257986367,
                      "y": 97.68799362325659,
                    },
                  },
                  {
                    "end": {
                      "x": 115.03939409898936,
                      "y": 98.51469580730458,
                    },
                    "kind": "line",
                    "start": {
                      "x": 109.79414257986367,
                      "y": 97.68799362325659,
                    },
                  },
                  {
                    "center": {
                      "x": 114.68987002165784,
                      "y": 100.73235258016696,
                    },
                    "kind": "arc",
                    "start": {
                      "x": 112.85550465836518,
                      "y": 102.02667570705957,
                    },
                    "sweepRad": -3.9415926535897916,
                  },
                ],
                "kind": "group",
                "name": "TimePointer",
              },
              {
                "children": [
                  {
                    "anchor": {
                      "x": 119.81472832187731,
                      "y": 103.91919426093094,
                    },
                    "angleRad": 5.268712679457883,
                    "content": "0.94 m",
                    "hAlign": "center",
                    "kind": "text",
                    "size": 5.31,
                  },
                ],
                "kind": "group",
                "name": "HeightLabel",
              },
              {
                "children": [
                  {
                    "anchor": {
                      "x": 127.73099105806808,
                      "y": 108.84184276469367,
                    },
                    "angleRad": 5.268712679457883,
                    "content": "04:15",
                    "hAlign": "center",
                    "kind": "text",
                    "size": 5.31,
                  },
                ],
                "kind": "group",
                "name": "TimeLabel",
              },
            ],
            "kind": "group",
            "name": "TideMark",
          },
          {
            "children": [
              {
                "children": [
                  {
                    "end": {
                      "x": 189.5348365118056,
                      "y": 48.738432564713435,
                    },
                    "kind": "line",
                    "start": {
                      "x": 190.7783341394385,
                      "y": 43.576086813984276,
                    },
                  },
                  {
                    "end": {
                      "x": 193.6152211668242,
                      "y": 48.064758331688665,
                    },
                    "kind": "line",
                    "start": {
                      "x": 190.7783341394385,
                      "y": 43.576086813984276,
                    },
                  },
                  {
                    "center": {
                      "x": 191.71744128799565,
                      "y": 49.264174929193615,
                    },
                    "kind": "arc",
                    "start": {
                      "x": 189.5348365118056,
                      "y": 48.738432564713435,
                    },
                    "sweepRad": -3.9415926535897983,
                  },
                ],
                "kind": "group",
                "name": "TimePointer",
              },
              {
                "children": [
                  {
                    "anchor": {
                      "x": 192.70050072549466,
                      "y": 55.218478132585844,
                    },
                    "angleRad": 6.119560689805118,
                    "content": "4.7 m",
                    "hAlign": "center",
                    "kind": "text",
                    "size": 5.31,
                  },
                ],
                "kind": "group",
                "name": "HeightLabel",
              },
              {
                "children": [
                  {
                    "anchor": {
                      "x": 194.219012328479,
                      "y": 64.4159672742811,
                    },
                    "angleRad": 6.119560689805118,
                    "content": "10:45",
                    "hAlign": "center",
                    "kind": "text",
                    "size": 5.31,
                  },
                ],
                "kind": "group",
                "name": "TimeLabel",
              },
            ],
            "kind": "group",
            "name": "TideMark",
          },
          {
            "children": [
              {
                "children": [
                  {
                    "end": {
                      "x": 277.0968236598547,
                      "y": 68.91775387314108,
                    },
                    "kind": "line",
                    "start": {
                      "x": 281.71124445826376,
                      "y": 66.2903557884935,
                    },
                  },
                  {
                    "end": {
                      "x": 280.38112654750074,
                      "y": 71.43106452790555,
                    },
                    "kind": "line",
                    "start": {
                      "x": 281.71124445826376,
                      "y": 66.2903557884935,
                    },
                  },
                  {
                    "center": {
                      "x": 278.2076697529693,
                      "y": 70.86869969511277,
                    },
                    "kind": "arc",
                    "start": {
                      "x": 277.0968236598547,
                      "y": 68.91775387314108,
                    },
                    "sweepRad": -3.9415926535897983,
                  },
                ],
                "kind": "group",
                "name": "TimePointer",
              },
              {
                "children": [
                  {
                    "anchor": {
                      "x": 274.5401200124374,
                      "y": 75.66132020964416,
                    },
                    "angleRad": 6.936374779738464,
                    "content": "0.89 m",
                    "hAlign": "center",
                    "kind": "text",
                    "size": 5.31,
                  },
                ],
                "kind": "group",
                "name": "HeightLabel",
              },
              {
                "children": [
                  {
                    "anchor": {
                      "x": 268.8749317002346,
                      "y": 83.06438210235316,
                    },
                    "angleRad": 6.936374779738464,
                    "content": "16:59",
                    "hAlign": "center",
                    "kind": "text",
                    "size": 5.31,
                  },
                ],
                "kind": "group",
                "name": "TimeLabel",
              },
            ],
            "kind": "group",
            "name": "TideMark",
          },
          {
            "children": [
              {
                "children": [
                  {
                    "end": {
                      "x": 322.0820998979642,
                      "y": 144.65196471146518,
                    },
                    "kind": "line",
                    "start": {
                      "x": 327.1820779206813,
                      "y": 146.13058709997514,
                    },
                  },
                  {
                    "end": {
                      "x": 322.5681902381932,
                      "y": 148.7589212593591,
                    },
                    "kind": "line",
                    "start": {
                      "x": 327.1820779206813,
                      "y": 146.13058709997514,
                    },
                  },
                  {
                    "center": {
                      "x": 321.45694837902784,
                      "y": 146.8082008351836,
                    },
                    "kind": "arc",
                    "start": {
                      "x": 322.0820998979642,
                      "y": 144.65196471146518,
                    },
                    "sweepRad": -3.9415926535897547,
                  },
                ],
                "kind": "group",
                "name": "TimePointer",
              },
              {
                "children": [
                  {
                    "anchor": {
                      "x": 315.46387012861317,
                      "y": 147.51752838997763,
                    },
                    "angleRad": 7.736171909464866,
                    "content": "4.8 m",
                    "hAlign": "center",
                    "kind": "text",
                    "size": 5.31,
                  },
                ],
                "kind": "group",
                "name": "HeightLabel",
              },
              {
                "children": [
                  {
                    "anchor": {
                      "x": 306.20648597287936,
                      "y": 148.6132120090796,
                    },
                    "angleRad": 7.736171909464866,
                    "content": "23:06",
                    "hAlign": "center",
                    "kind": "text",
                    "size": 5.31,
                  },
                ],
                "kind": "group",
                "name": "TimeLabel",
              },
            ],
            "kind": "group",
            "name": "TideMark",
          },
        ],
        "kind": "group",
        "name": "TideMarks",
      },
      {
        "children": [
          {
            "anchor": {
              "x": 81.38,
              "y": 157.64000000000001,
            },
            "angleRad": 0,
            "content": "00",
            "hAlign": "center",
            "kind": "text",
            "size": 4.72,
          },
          {
            "anchor": {
              "x": 91.17061452839829,
              "y": 108.41925692920218,
            },
            "angleRad": 0,
            "content": "03",
            "hAlign": "center",
            "kind": "text",
            "size": 4.72,
          },
          {
            "anchor": {
              "x": 119.05192580378623,
              "y": 66.69192580378626,
            },
            "angleRad": 0,
            "content": "06",
            "hAlign": "center",
            "kind": "text",
            "size": 4.72,
          },
          {
            "anchor": {
              "x": 160.7792569292021,
              "y": 38.81061452839832,
            },
            "angleRad": 0,
            "content": "09",
            "hAlign": "center",
            "kind": "text",
            "size": 4.72,
          },
          {
            "anchor": {
              "x": 209.99999999999997,
              "y": 29.019999999999982,
            },
            "angleRad": 0,
            "content": "12",
            "hAlign": "center",
            "kind": "text",
            "size": 4.72,
          },
          {
            "anchor": {
              "x": 259.2207430707979,
              "y": 38.810614528398304,
            },
            "angleRad": 0,
            "content": "15",
            "hAlign": "center",
            "kind": "text",
            "size": 4.72,
          },
          {
            "anchor": {
              "x": 300.9480741962137,
              "y": 66.69192580378623,
            },
            "angleRad": 0,
            "content": "18",
            "hAlign": "center",
            "kind": "text",
            "size": 4.72,
          },
          {
            "anchor": {
              "x": 328.82938547160165,
              "y": 108.41925692920208,
            },
            "angleRad": 0,
            "content": "21",
            "hAlign": "center",
            "kind": "text",
            "size": 4.72,
          },
        ],
        "kind": "group",
        "name": "TickLabel",
      },
      {
        "children": [
          {
            "center": {
              "x": 210,
              "y": 160,
            },
            "content": "Lymington Tide coming in High tide in 3h 45m",
            "kind": "arcText",
            "radius": 76.7,
            "size": 5.31,
            "sweepRad": 1.8276923076923075,
            "thetaStart": 3.4931647489786526,
          },
        ],
        "kind": "group",
        "name": "MainLabel",
      },
      {
        "children": [],
        "kind": "group",
        "name": "CentreFrame",
      },
      {
        "children": [],
        "kind": "group",
        "name": "TimeDelta",
      },
      {
        "children": [
          {
            "anchor": {
              "x": 333.9,
              "y": 39.04999999999998,
            },
            "angleRad": 0,
            "content": "Lymington",
            "hAlign": "right",
            "kind": "text",
            "size": 4.130000000000001,
          },
        ],
        "kind": "group",
        "name": "TimeNowLocation",
      },
      {
        "children": [
          {
            "anchor": {
              "x": 306.642,
              "y": 29.019999999999982,
            },
            "angleRad": 0,
            "content": "Mon 23 Mar",
            "hAlign": "right",
            "kind": "text",
            "size": 4.130000000000001,
          },
        ],
        "kind": "group",
        "name": "TimeNowDate",
      },
      {
        "children": [
          {
            "children": [
              {
                "anchor": {
                  "x": 326.466,
                  "y": 29.019999999999982,
                },
                "angleRad": 0,
                "content": "19:20",
                "hAlign": "right",
                "kind": "text",
                "size": 4.130000000000001,
              },
            ],
            "kind": "group",
            "name": "TimeNowLabelHms",
          },
          {
            "children": [
              {
                "anchor": {
                  "x": 328.944,
                  "y": 29.019999999999982,
                },
                "angleRad": 0,
                "content": ":",
                "hAlign": "right",
                "kind": "text",
                "size": 4.130000000000001,
              },
            ],
            "kind": "group",
            "name": "TimeNowLabelSecondsColon",
          },
          {
            "children": [
              {
                "anchor": {
                  "x": 333.9,
                  "y": 29.019999999999982,
                },
                "angleRad": 0,
                "content": "03",
                "hAlign": "right",
                "kind": "text",
                "size": 4.130000000000001,
              },
            ],
            "kind": "group",
            "name": "TimeNowLabelSeconds",
          },
        ],
        "kind": "group",
        "name": "TimeNowClock",
      },
      {
        "children": [
          {
            "center": {
              "x": 90.348,
              "y": 36.68999999999998,
            },
            "height": 15.34,
            "kind": "roundedRect",
            "rx": 4.484,
            "width": 23.6,
          },
          {
            "children": [
              {
                "anchor": {
                  "x": 90.348,
                  "y": 36.68999999999998,
                },
                "angleRad": 0,
                "content": "Menu",
                "dominantBaseline": "middle",
                "hAlign": "center",
                "kind": "text",
                "size": 4.956,
              },
            ],
            "kind": "group",
            "name": "HomeMenuTriggerLabel",
          },
        ],
        "kind": "group",
        "name": "HomeMenuTrigger",
      },
    ],
    "kind": "group",
    "name": "tideDiagram",
  },
  "version": 2,
}
`;
