// Vitest Snapshot v1, https://vitest.dev/guide/snapshot.html

exports[`buildDiagramGenerationSpec + createDiagramGenerationCollaborator > golden snapshot: stable diagram from fixture spec 1`] = `
{
  "annularBand": {
    "center": {
      "x": 0,
      "y": 0,
    },
    "rInner": 118,
    "rOuter": 129.8,
    "sweepRad": 3.141592653589793,
    "thetaLeft": 3.141592653589793,
  },
  "hand": {
    "arm": {
      "end": {
        "x": 94.73397714174978,
        "y": -66.3180456203772,
      },
      "start": {
        "x": 4.833366180701519,
        "y": -3.3835737561416943,
      },
    },
    "bossCircle": {
      "center": {
        "x": 0,
        "y": 0,
      },
      "radius": 5.9,
    },
    "theta": 5.67242915205982,
    "timeHours": 19.33416666666667,
  },
  "homeMenuTrigger": {
    "center": {
      "x": -118.00000000000001,
      "y": -118.8247051483589,
    },
    "cornerRadius": 4.484,
    "height": 15.34,
    "label": "Menu",
    "labelSize": 4.956,
    "width": 23.6,
  },
  "mainLabel": {
    "anchor": {
      "x": -124.85308486872034,
      "y": -139.0027051483589,
    },
    "content": "High tide at 23:06",
    "fontSize": 5.31,
    "hAlign": "left",
  },
  "meta": {
    "height": 320,
    "title": "home-tide-diagram",
    "width": 420,
  },
  "paintOrder": {
    "overrides": [
      {
        "name": "Hand",
        "place": "before",
        "relativeTo": "AnnularBand",
      },
    ],
  },
  "refArc": {
    "center": {
      "x": 0,
      "y": 0,
    },
    "refRadius": 118,
    "sweepRad": 3.141592653589793,
    "thetaLeft": 3.141592653589793,
    "thetaRight": 6.283185307179586,
  },
  "tickLabels": [
    {
      "anchor": {
        "x": -122.02108486872035,
        "y": -18.424380581290595,
      },
      "content": "01",
      "fontSize": 4.72,
      "hour": 1,
      "theta": 3.2724923474893677,
    },
    {
      "anchor": {
        "x": -118.8803551447008,
        "y": -34.21389515694764,
      },
      "content": "02",
      "fontSize": 4.72,
      "hour": 2,
      "theta": 3.4033920413889427,
    },
    {
      "anchor": {
        "x": -113.7055495842941,
        "y": -49.458380754901036,
      },
      "content": "03",
      "fontSize": 4.72,
      "hour": 3,
      "theta": 3.5342917352885173,
    },
    {
      "anchor": {
        "x": -106.58521054536602,
        "y": -63.89699999999996,
      },
      "content": "04",
      "fontSize": 4.72,
      "hour": 4,
      "theta": 3.665191429188092,
    },
    {
      "anchor": {
        "x": -97.64116900300348,
        "y": -77.28270411381928,
      },
      "content": "05",
      "fontSize": 4.72,
      "hour": 5,
      "theta": 3.796091123087667,
    },
    {
      "anchor": {
        "x": -87.02645998775317,
        "y": -89.38645998775314,
      },
      "content": "06",
      "fontSize": 4.72,
      "hour": 6,
      "theta": 3.9269908169872414,
    },
    {
      "anchor": {
        "x": -74.92270411381931,
        "y": -100.00116900300345,
      },
      "content": "07",
      "fontSize": 4.72,
      "hour": 7,
      "theta": 4.057890510886816,
    },
    {
      "anchor": {
        "x": -61.537000000000056,
        "y": -108.94521054536598,
      },
      "content": "08",
      "fontSize": 4.72,
      "hour": 8,
      "theta": 4.1887902047863905,
    },
    {
      "anchor": {
        "x": -47.09838075490113,
        "y": -116.06554958429408,
      },
      "content": "09",
      "fontSize": 4.72,
      "hour": 9,
      "theta": 4.319689898685965,
    },
    {
      "anchor": {
        "x": -31.853895156947623,
        "y": -121.2403551447008,
      },
      "content": "10",
      "fontSize": 4.72,
      "hour": 10,
      "theta": 4.4505895925855405,
    },
    {
      "anchor": {
        "x": -16.064380581290635,
        "y": -124.38108486872035,
      },
      "content": "11",
      "fontSize": 4.72,
      "hour": 11,
      "theta": 4.581489286485115,
    },
    {
      "anchor": {
        "x": -2.26083270237392e-14,
        "y": -125.434,
      },
      "content": "12",
      "fontSize": 4.72,
      "hour": 12,
      "theta": 4.71238898038469,
    },
    {
      "anchor": {
        "x": 16.06438058129059,
        "y": -124.38108486872035,
      },
      "content": "13",
      "fontSize": 4.72,
      "hour": 13,
      "theta": 4.843288674284264,
    },
    {
      "anchor": {
        "x": 31.853895156947583,
        "y": -121.24035514470081,
      },
      "content": "14",
      "fontSize": 4.72,
      "hour": 14,
      "theta": 4.974188368183839,
    },
    {
      "anchor": {
        "x": 47.098380754901086,
        "y": -116.06554958429409,
      },
      "content": "15",
      "fontSize": 4.72,
      "hour": 15,
      "theta": 5.105088062083414,
    },
    {
      "anchor": {
        "x": 61.53699999999992,
        "y": -108.94521054536605,
      },
      "content": "16",
      "fontSize": 4.72,
      "hour": 16,
      "theta": 5.235987755982988,
    },
    {
      "anchor": {
        "x": 74.92270411381926,
        "y": -100.00116900300348,
      },
      "content": "17",
      "fontSize": 4.72,
      "hour": 17,
      "theta": 5.366887449882563,
    },
    {
      "anchor": {
        "x": 87.02645998775313,
        "y": -89.38645998775317,
      },
      "content": "18",
      "fontSize": 4.72,
      "hour": 18,
      "theta": 5.497787143782138,
    },
    {
      "anchor": {
        "x": 97.64116900300345,
        "y": -77.2827041138193,
      },
      "content": "19",
      "fontSize": 4.72,
      "hour": 19,
      "theta": 5.6286868376817125,
    },
    {
      "anchor": {
        "x": 106.58521054536602,
        "y": -63.896999999999956,
      },
      "content": "20",
      "fontSize": 4.72,
      "hour": 20,
      "theta": 5.759586531581288,
    },
    {
      "anchor": {
        "x": 113.70554958429408,
        "y": -49.458380754901135,
      },
      "content": "21",
      "fontSize": 4.72,
      "hour": 21,
      "theta": 5.890486225480862,
    },
    {
      "anchor": {
        "x": 118.8803551447008,
        "y": -34.21389515694763,
      },
      "content": "22",
      "fontSize": 4.72,
      "hour": 22,
      "theta": 6.021385919380437,
    },
    {
      "anchor": {
        "x": 122.02108486872035,
        "y": -18.42438058129064,
      },
      "content": "23",
      "fontSize": 4.72,
      "hour": 23,
      "theta": 6.152285613280012,
    },
  ],
  "tickMarks": [
    {
      "bandOuterInward": {
        "end": {
          "x": -118,
          "y": 1.4450832229938766e-14,
        },
        "start": {
          "x": -129.8,
          "y": 1.5895915452932646e-14,
        },
      },
      "end": {
        "x": -129.8,
        "y": 1.5895915452932646e-14,
      },
      "hour": 0,
      "start": {
        "x": -118,
        "y": 1.4450832229938766e-14,
      },
      "theta": 3.141592653589793,
    },
    {
      "bandOuterInward": {
        "end": {
          "x": -126.34973313347842,
          "y": -16.63425793652334,
        },
        "start": {
          "x": -128.6895430063206,
          "y": -16.942299750162665,
        },
      },
      "end": {
        "x": -119.33030351495184,
        "y": -15.710132495605377,
      },
      "hour": 1,
      "start": {
        "x": -116.99049364210964,
        "y": -15.402090681966056,
      },
      "theta": 3.2724923474893677,
    },
    {
      "bandOuterInward": {
        "end": {
          "x": -123.09758730227888,
          "y": -32.983899107865255,
        },
        "start": {
          "x": -125.37717225232107,
          "y": -33.5947120543072,
        },
      },
      "end": {
        "x": -116.25883245215226,
        "y": -31.151460268539402,
      },
      "hour": 2,
      "start": {
        "x": -113.97924750211006,
        "y": -30.540647322097453,
      },
      "theta": 3.4033920413889427,
    },
    {
      "bandOuterInward": {
        "end": {
          "x": -117.73920762323841,
          "y": -48.76917662060703,
        },
        "start": {
          "x": -119.91956331996505,
          "y": -49.672309520988634,
        },
      },
      "end": {
        "x": -111.19814053305848,
        "y": -46.059777919462185,
      },
      "hour": 3,
      "start": {
        "x": -109.01778483633184,
        "y": -45.15664501908057,
      },
      "theta": 3.5342917352885173,
    },
    {
      "bandOuterInward": {
        "end": {
          "x": -110.36627745828889,
          "y": -63.71999999999997,
        },
        "start": {
          "x": -112.41009741122016,
          "y": -64.89999999999996,
        },
      },
      "end": {
        "x": -104.23481759949506,
        "y": -60.179999999999964,
      },
      "hour": 4,
      "start": {
        "x": -102.19099764656379,
        "y": -58.999999999999964,
      },
      "theta": 3.665191429188092,
    },
    {
      "bandOuterInward": {
        "end": {
          "x": -101.10494968671502,
          "y": -77.58055651287137,
        },
        "start": {
          "x": -102.97726356980233,
          "y": -79.01723348533194,
        },
      },
      "end": {
        "x": -95.48800803745307,
        "y": -73.27052559548962,
      },
      "hour": 5,
      "start": {
        "x": -93.61569415436576,
        "y": -71.83384862302904,
      },
      "theta": 3.796091123087667,
    },
    {
      "bandOuterInward": {
        "end": {
          "x": -90.11368819441364,
          "y": -90.11368819441361,
        },
        "start": {
          "x": -91.7824601980139,
          "y": -91.78246019801387,
        },
      },
      "end": {
        "x": -85.10737218361288,
        "y": -85.10737218361285,
      },
      "hour": 6,
      "start": {
        "x": -83.43860018001263,
        "y": -83.4386001800126,
      },
      "theta": 3.9269908169872414,
    },
    {
      "bandOuterInward": {
        "end": {
          "x": -77.5805565128714,
          "y": -101.10494968671499,
        },
        "start": {
          "x": -79.01723348533197,
          "y": -102.9772635698023,
        },
      },
      "end": {
        "x": -73.27052559548964,
        "y": -95.48800803745304,
      },
      "hour": 7,
      "start": {
        "x": -71.83384862302907,
        "y": -93.61569415436573,
      },
      "theta": 4.057890510886816,
    },
    {
      "bandOuterInward": {
        "end": {
          "x": -63.72000000000006,
          "y": -110.36627745828885,
        },
        "start": {
          "x": -64.90000000000006,
          "y": -112.41009741122012,
        },
      },
      "end": {
        "x": -60.18000000000006,
        "y": -104.23481759949502,
      },
      "hour": 8,
      "start": {
        "x": -59.00000000000005,
        "y": -102.19099764656374,
      },
      "theta": 4.1887902047863905,
    },
    {
      "bandOuterInward": {
        "end": {
          "x": -48.76917662060712,
          "y": -117.73920762323837,
        },
        "start": {
          "x": -49.67230952098873,
          "y": -119.919563319965,
        },
      },
      "end": {
        "x": -46.05977791946227,
        "y": -111.19814053305845,
      },
      "hour": 9,
      "start": {
        "x": -45.156645019080656,
        "y": -109.01778483633181,
      },
      "theta": 4.319689898685965,
    },
    {
      "bandOuterInward": {
        "end": {
          "x": -32.983899107865234,
          "y": -123.09758730227888,
        },
        "start": {
          "x": -33.59471205430718,
          "y": -125.37717225232107,
        },
      },
      "end": {
        "x": -31.15146026853938,
        "y": -116.25883245215226,
      },
      "hour": 10,
      "start": {
        "x": -30.540647322097435,
        "y": -113.97924750211006,
      },
      "theta": 4.4505895925855405,
    },
    {
      "bandOuterInward": {
        "end": {
          "x": -16.63425793652338,
          "y": -126.34973313347841,
        },
        "start": {
          "x": -16.942299750162704,
          "y": -128.6895430063206,
        },
      },
      "end": {
        "x": -15.710132495605414,
        "y": -119.33030351495182,
      },
      "hour": 11,
      "start": {
        "x": -15.402090681966092,
        "y": -116.99049364210963,
      },
      "theta": 4.581489286485115,
    },
    {
      "bandOuterInward": {
        "end": {
          "x": -2.3410348212500806e-14,
          "y": -127.44000000000001,
        },
        "start": {
          "x": -2.3843873179398966e-14,
          "y": -129.8,
        },
      },
      "end": {
        "x": -2.2109773311806313e-14,
        "y": -120.36,
      },
      "hour": 12,
      "start": {
        "x": -2.167624834490815e-14,
        "y": -118,
      },
      "theta": 4.71238898038469,
    },
    {
      "bandOuterInward": {
        "end": {
          "x": 16.634257936523333,
          "y": -126.34973313347842,
        },
        "start": {
          "x": 16.942299750162658,
          "y": -128.6895430063206,
        },
      },
      "end": {
        "x": 15.71013249560537,
        "y": -119.33030351495184,
      },
      "hour": 13,
      "start": {
        "x": 15.40209068196605,
        "y": -116.99049364210964,
      },
      "theta": 4.843288674284264,
    },
    {
      "bandOuterInward": {
        "end": {
          "x": 32.98389910786519,
          "y": -123.0975873022789,
        },
        "start": {
          "x": 33.59471205430714,
          "y": -125.37717225232109,
        },
      },
      "end": {
        "x": 31.151460268539342,
        "y": -116.25883245215228,
      },
      "hour": 14,
      "start": {
        "x": 30.540647322097396,
        "y": -113.97924750211007,
      },
      "theta": 4.974188368183839,
    },
    {
      "bandOuterInward": {
        "end": {
          "x": 48.76917662060708,
          "y": -117.73920762323839,
        },
        "start": {
          "x": 49.672309520988684,
          "y": -119.91956331996502,
        },
      },
      "end": {
        "x": 46.059777919462235,
        "y": -111.19814053305846,
      },
      "hour": 15,
      "start": {
        "x": 45.15664501908062,
        "y": -109.01778483633183,
      },
      "theta": 5.105088062083414,
    },
    {
      "bandOuterInward": {
        "end": {
          "x": 63.71999999999992,
          "y": -110.36627745828892,
        },
        "start": {
          "x": 64.89999999999992,
          "y": -112.41009741122019,
        },
      },
      "end": {
        "x": 60.17999999999992,
        "y": -104.23481759949509,
      },
      "hour": 16,
      "start": {
        "x": 58.99999999999992,
        "y": -102.1909976465638,
      },
      "theta": 5.235987755982988,
    },
    {
      "bandOuterInward": {
        "end": {
          "x": 77.58055651287135,
          "y": -101.10494968671502,
        },
        "start": {
          "x": 79.01723348533193,
          "y": -102.97726356980233,
        },
      },
      "end": {
        "x": 73.2705255954896,
        "y": -95.48800803745307,
      },
      "hour": 17,
      "start": {
        "x": 71.83384862302903,
        "y": -93.61569415436576,
      },
      "theta": 5.366887449882563,
    },
    {
      "bandOuterInward": {
        "end": {
          "x": 90.1136881944136,
          "y": -90.11368819441364,
        },
        "start": {
          "x": 91.78246019801385,
          "y": -91.7824601980139,
        },
      },
      "end": {
        "x": 85.10737218361284,
        "y": -85.10737218361288,
      },
      "hour": 18,
      "start": {
        "x": 83.43860018001259,
        "y": -83.43860018001263,
      },
      "theta": 5.497787143782138,
    },
    {
      "bandOuterInward": {
        "end": {
          "x": 101.10494968671499,
          "y": -77.5805565128714,
        },
        "start": {
          "x": 102.9772635698023,
          "y": -79.01723348533197,
        },
      },
      "end": {
        "x": 95.48800803745304,
        "y": -73.27052559548964,
      },
      "hour": 19,
      "start": {
        "x": 93.61569415436573,
        "y": -71.83384862302907,
      },
      "theta": 5.6286868376817125,
    },
    {
      "bandOuterInward": {
        "end": {
          "x": 110.36627745828889,
          "y": -63.71999999999996,
        },
        "start": {
          "x": 112.41009741122016,
          "y": -64.89999999999996,
        },
      },
      "end": {
        "x": 104.23481759949506,
        "y": -60.17999999999996,
      },
      "hour": 20,
      "start": {
        "x": 102.19099764656379,
        "y": -58.99999999999996,
      },
      "theta": 5.759586531581288,
    },
    {
      "bandOuterInward": {
        "end": {
          "x": 117.73920762323837,
          "y": -48.769176620607126,
        },
        "start": {
          "x": 119.919563319965,
          "y": -49.67230952098874,
        },
      },
      "end": {
        "x": 111.19814053305845,
        "y": -46.05977791946228,
      },
      "hour": 21,
      "start": {
        "x": 109.01778483633181,
        "y": -45.15664501908066,
      },
      "theta": 5.890486225480862,
    },
    {
      "bandOuterInward": {
        "end": {
          "x": 123.09758730227888,
          "y": -32.98389910786524,
        },
        "start": {
          "x": 125.37717225232107,
          "y": -33.59471205430719,
        },
      },
      "end": {
        "x": 116.25883245215226,
        "y": -31.151460268539388,
      },
      "hour": 22,
      "start": {
        "x": 113.97924750211006,
        "y": -30.540647322097442,
      },
      "theta": 6.021385919380437,
    },
    {
      "bandOuterInward": {
        "end": {
          "x": 126.34973313347841,
          "y": -16.634257936523387,
        },
        "start": {
          "x": 128.6895430063206,
          "y": -16.94229975016271,
        },
      },
      "end": {
        "x": 119.33030351495182,
        "y": -15.710132495605421,
      },
      "hour": 23,
      "start": {
        "x": 116.99049364210963,
        "y": -15.402090681966099,
      },
      "theta": 6.152285613280012,
    },
    {
      "bandOuterInward": {
        "end": {
          "x": 118,
          "y": -2.890166445987753e-14,
        },
        "start": {
          "x": 129.8,
          "y": -3.179183090586529e-14,
        },
      },
      "end": {
        "x": 129.8,
        "y": -3.179183090586529e-14,
      },
      "hour": 24,
      "start": {
        "x": 118,
        "y": -2.890166445987753e-14,
      },
      "theta": 6.283185307179586,
    },
  ],
  "tideMarks": [
    {
      "heightLabel": {
        "anchor": {
          "x": -122.00324521189359,
          "y": -64.62021168153633,
        },
        "arcCenter": {
          "x": 0,
          "y": 0,
        },
        "arcSweepRad": 0.13846153846153847,
        "content": "0.94 m",
        "fontSize": 5.31,
      },
      "temporalClass": "past",
      "theta": 3.6979163526629857,
      "timeHours": 4.25,
      "timePointer": {
        "circle": {
          "center": {
            "x": -113.9197003149025,
            "y": -70.83982189480722,
          },
          "radius": 2.245031991499648,
        },
        "triangle": {
          "v1": {
            "x": -109.02397287310833,
            "y": -67.79546293789684,
          },
          "v2": {
            "x": -112.08533495160984,
            "y": -72.13414502169982,
          },
          "v3": {
            "x": -114.26922439223402,
            "y": -68.62216512194483,
          },
        },
      },
    },
    {
      "heightLabel": {
        "anchor": {
          "x": -30.616936184384627,
          "y": -134.6223117417069,
        },
        "arcCenter": {
          "x": 0,
          "y": 0,
        },
        "arcSweepRad": 0.12,
        "content": "4.7 m",
        "fontSize": 5.31,
      },
      "temporalClass": "past",
      "theta": 4.548764363010221,
      "timeHours": 10.75,
      "timePointer": {
        "circle": {
          "center": {
            "x": -21.852279604848082,
            "y": -132.35730566159444,
          },
          "radius": 2.2450319914996557,
        },
        "triangle": {
          "v1": {
            "x": -20.913172456290912,
            "y": -126.66921754638511,
          },
          "v2": {
            "x": -19.669674828658014,
            "y": -131.83156329711426,
          },
          "v3": {
            "x": -23.75005948367662,
            "y": -131.15788906408952,
          },
        },
      },
    },
    {
      "heightLabel": {
        "anchor": {
          "x": 76.11674978241862,
          "y": -115.18161312709888,
        },
        "arcCenter": {
          "x": 0,
          "y": 0,
        },
        "arcSweepRad": 0.13846153846153847,
        "content": "0.89 m",
        "fontSize": 5.31,
      },
      "temporalClass": "past",
      "theta": 5.365578452943567,
      "timeHours": 16.99,
      "timePointer": {
        "circle": {
          "center": {
            "x": 81.52540867588544,
            "y": -106.53443680873835,
          },
          "radius": 2.2450319914996473,
        },
        "triangle": {
          "v1": {
            "x": 78.021833970591,
            "y": -101.95609290211908,
          },
          "v2": {
            "x": 82.63625476900008,
            "y": -104.58349098676665,
          },
          "v3": {
            "x": 79.35195188135404,
            "y": -107.09680164153113,
          },
        },
      },
    },
    {
      "heightLabel": {
        "anchor": {
          "x": 135.88327102679557,
          "y": -24.41925992036648,
        },
        "arcCenter": {
          "x": 0,
          "y": 0,
        },
        "arcSweepRad": 0.12,
        "content": "4.8 m",
        "fontSize": 5.31,
      },
      "temporalClass": "future",
      "theta": 6.165375582669969,
      "timeHours": 23.1,
      "timePointer": {
        "circle": {
          "center": {
            "x": 133.21923031935478,
            "y": -15.767534970435499,
          },
          "radius": 2.2450319914996397,
        },
        "triangle": {
          "v1": {
            "x": 127.49410077770128,
            "y": -15.089921235227031,
          },
          "v2": {
            "x": 132.59407880041834,
            "y": -13.611298846717062,
          },
          "v3": {
            "x": 132.10798846018938,
            "y": -17.718255394611,
          },
        },
      },
    },
  ],
  "timeNowClock": {
    "hhmm": {
      "anchor": {
        "x": 131.0313170673573,
        "y": -139.0027051483589,
      },
      "content": "19:20",
      "fontSize": 5.31,
      "hAlign": "right",
    },
    "seconds": {
      "anchor": {
        "x": 140.58931706735729,
        "y": -139.0027051483589,
      },
      "content": "03",
      "fontSize": 5.31,
      "hAlign": "right",
    },
    "secondsColon": {
      "anchor": {
        "x": 134.2173170673573,
        "y": -139.0027051483589,
      },
      "content": ":",
      "fontSize": 5.31,
      "hAlign": "right",
    },
  },
  "timeNowDate": {
    "anchor": {
      "x": 105.5433170673573,
      "y": -139.0027051483589,
    },
    "content": "Mon 23 Mar",
    "fontSize": 5.31,
    "hAlign": "right",
  },
  "timeNowLocation": {
    "anchor": {
      "x": 140.58931706735729,
      "y": -131.33270514835888,
    },
    "content": "Lymington",
    "fontSize": 5.31,
    "hAlign": "right",
  },
  "version": 1,
}
`;

exports[`buildDiagramGenerationSpec + createDiagramGenerationCollaborator > golden snapshot: stable scene from fixture spec 1`] = `
{
  "meta": {
    "height": 320,
    "previewFrame": {
      "maxX": 351.5893170673573,
      "maxY": 166.9,
      "minX": 79.19999999999999,
      "minY": 18.9352948516411,
    },
    "title": "home-tide-diagram",
    "width": 420,
  },
  "root": {
    "children": [
      {
        "children": [
          {
            "children": [
              {
                "center": {
                  "x": 210,
                  "y": 160,
                },
                "kind": "circle",
                "radius": 5.9,
              },
            ],
            "kind": "group",
            "name": "BossCircle",
          },
          {
            "children": [
              {
                "end": {
                  "x": 304.7339771417498,
                  "y": 93.6819543796228,
                },
                "kind": "line",
                "start": {
                  "x": 214.83336618070152,
                  "y": 156.6164262438583,
                },
              },
            ],
            "kind": "group",
            "name": "Arm",
          },
        ],
        "kind": "group",
        "name": "Hand",
      },
      {
        "children": [
          {
            "center": {
              "x": 210,
              "y": 160,
            },
            "fillOnly": true,
            "kind": "annularSector",
            "rInner": 118,
            "rOuter": 129.8,
            "sweepRad": 3.141592653589793,
            "thetaStart": 3.141592653589793,
          },
          {
            "center": {
              "x": 210,
              "y": 160,
            },
            "kind": "arc",
            "start": {
              "x": 80.19999999999999,
              "y": 160.00000000000003,
            },
            "sweepRad": 3.141592653589793,
          },
          {
            "end": {
              "x": 80.19999999999999,
              "y": 160.00000000000003,
            },
            "kind": "line",
            "start": {
              "x": 92,
              "y": 160.00000000000003,
            },
          },
          {
            "end": {
              "x": 339.8,
              "y": 159.99999999999997,
            },
            "kind": "line",
            "start": {
              "x": 328,
              "y": 159.99999999999997,
            },
          },
        ],
        "kind": "group",
        "name": "AnnularBand",
      },
      {
        "children": [
          {
            "center": {
              "x": 210,
              "y": 160,
            },
            "kind": "arc",
            "start": {
              "x": 92,
              "y": 160.00000000000003,
            },
            "sweepRad": 3.141592653589793,
          },
        ],
        "kind": "group",
        "name": "RefArc",
      },
      {
        "children": [
          {
            "end": {
              "x": 80.19999999999999,
              "y": 160.00000000000003,
            },
            "kind": "line",
            "start": {
              "x": 92,
              "y": 160.00000000000003,
            },
          },
          {
            "end": {
              "x": 92,
              "y": 160.00000000000003,
            },
            "kind": "line",
            "start": {
              "x": 80.19999999999999,
              "y": 160.00000000000003,
            },
          },
          {
            "end": {
              "x": 90.66969648504816,
              "y": 144.28986750439464,
            },
            "kind": "line",
            "start": {
              "x": 93.00950635789036,
              "y": 144.59790931803394,
            },
          },
          {
            "end": {
              "x": 83.65026686652158,
              "y": 143.36574206347666,
            },
            "kind": "line",
            "start": {
              "x": 81.3104569936794,
              "y": 143.05770024983732,
            },
          },
          {
            "end": {
              "x": 93.74116754784774,
              "y": 128.8485397314606,
            },
            "kind": "line",
            "start": {
              "x": 96.02075249788994,
              "y": 129.45935267790256,
            },
          },
          {
            "end": {
              "x": 86.90241269772112,
              "y": 127.01610089213474,
            },
            "kind": "line",
            "start": {
              "x": 84.62282774767893,
              "y": 126.4052879456928,
            },
          },
          {
            "end": {
              "x": 98.80185946694152,
              "y": 113.94022208053781,
            },
            "kind": "line",
            "start": {
              "x": 100.98221516366816,
              "y": 114.84335498091943,
            },
          },
          {
            "end": {
              "x": 92.26079237676159,
              "y": 111.23082337939297,
            },
            "kind": "line",
            "start": {
              "x": 90.08043668003495,
              "y": 110.32769047901137,
            },
          },
          {
            "end": {
              "x": 105.76518240050494,
              "y": 99.82000000000004,
            },
            "kind": "line",
            "start": {
              "x": 107.80900235343621,
              "y": 101.00000000000003,
            },
          },
          {
            "end": {
              "x": 99.63372254171111,
              "y": 96.28000000000003,
            },
            "kind": "line",
            "start": {
              "x": 97.58990258877984,
              "y": 95.10000000000004,
            },
          },
          {
            "end": {
              "x": 114.51199196254693,
              "y": 86.72947440451038,
            },
            "kind": "line",
            "start": {
              "x": 116.38430584563424,
              "y": 88.16615137697096,
            },
          },
          {
            "end": {
              "x": 108.89505031328498,
              "y": 82.41944348712863,
            },
            "kind": "line",
            "start": {
              "x": 107.02273643019767,
              "y": 80.98276651466806,
            },
          },
          {
            "end": {
              "x": 124.89262781638712,
              "y": 74.89262781638715,
            },
            "kind": "line",
            "start": {
              "x": 126.56139981998737,
              "y": 76.5613998199874,
            },
          },
          {
            "end": {
              "x": 119.88631180558636,
              "y": 69.88631180558639,
            },
            "kind": "line",
            "start": {
              "x": 118.2175398019861,
              "y": 68.21753980198613,
            },
          },
          {
            "end": {
              "x": 136.72947440451037,
              "y": 64.51199196254696,
            },
            "kind": "line",
            "start": {
              "x": 138.16615137697093,
              "y": 66.38430584563427,
            },
          },
          {
            "end": {
              "x": 132.4194434871286,
              "y": 58.89505031328501,
            },
            "kind": "line",
            "start": {
              "x": 130.98276651466801,
              "y": 57.022736430197696,
            },
          },
          {
            "end": {
              "x": 149.81999999999994,
              "y": 55.76518240050498,
            },
            "kind": "line",
            "start": {
              "x": 150.99999999999994,
              "y": 57.809002353436256,
            },
          },
          {
            "end": {
              "x": 146.27999999999994,
              "y": 49.63372254171115,
            },
            "kind": "line",
            "start": {
              "x": 145.09999999999994,
              "y": 47.58990258877988,
            },
          },
          {
            "end": {
              "x": 163.94022208053772,
              "y": 48.80185946694155,
            },
            "kind": "line",
            "start": {
              "x": 164.84335498091934,
              "y": 50.98221516366819,
            },
          },
          {
            "end": {
              "x": 161.2308233793929,
              "y": 42.26079237676163,
            },
            "kind": "line",
            "start": {
              "x": 160.32769047901127,
              "y": 40.08043668003501,
            },
          },
          {
            "end": {
              "x": 178.84853973146062,
              "y": 43.74116754784774,
            },
            "kind": "line",
            "start": {
              "x": 179.45935267790256,
              "y": 46.020752497889944,
            },
          },
          {
            "end": {
              "x": 177.01610089213477,
              "y": 36.90241269772112,
            },
            "kind": "line",
            "start": {
              "x": 176.4052879456928,
              "y": 34.622827747678926,
            },
          },
          {
            "end": {
              "x": 194.28986750439458,
              "y": 40.66969648504818,
            },
            "kind": "line",
            "start": {
              "x": 194.5979093180339,
              "y": 43.00950635789037,
            },
          },
          {
            "end": {
              "x": 193.36574206347663,
              "y": 33.65026686652159,
            },
            "kind": "line",
            "start": {
              "x": 193.0577002498373,
              "y": 31.310456993679395,
            },
          },
          {
            "end": {
              "x": 209.99999999999997,
              "y": 39.64,
            },
            "kind": "line",
            "start": {
              "x": 209.99999999999997,
              "y": 42,
            },
          },
          {
            "end": {
              "x": 209.99999999999997,
              "y": 32.55999999999999,
            },
            "kind": "line",
            "start": {
              "x": 209.99999999999997,
              "y": 30.19999999999999,
            },
          },
          {
            "end": {
              "x": 225.71013249560536,
              "y": 40.66969648504816,
            },
            "kind": "line",
            "start": {
              "x": 225.40209068196606,
              "y": 43.00950635789036,
            },
          },
          {
            "end": {
              "x": 226.63425793652334,
              "y": 33.65026686652158,
            },
            "kind": "line",
            "start": {
              "x": 226.94229975016265,
              "y": 31.310456993679395,
            },
          },
          {
            "end": {
              "x": 241.15146026853935,
              "y": 43.74116754784772,
            },
            "kind": "line",
            "start": {
              "x": 240.54064732209739,
              "y": 46.02075249788993,
            },
          },
          {
            "end": {
              "x": 242.9838991078652,
              "y": 36.902412697721104,
            },
            "kind": "line",
            "start": {
              "x": 243.59471205430714,
              "y": 34.62282774767891,
            },
          },
          {
            "end": {
              "x": 256.05977791946225,
              "y": 48.801859466941536,
            },
            "kind": "line",
            "start": {
              "x": 255.15664501908063,
              "y": 50.98221516366817,
            },
          },
          {
            "end": {
              "x": 258.7691766206071,
              "y": 42.260792376761614,
            },
            "kind": "line",
            "start": {
              "x": 259.6723095209887,
              "y": 40.08043668003498,
            },
          },
          {
            "end": {
              "x": 270.17999999999995,
              "y": 55.76518240050491,
            },
            "kind": "line",
            "start": {
              "x": 268.99999999999994,
              "y": 57.8090023534362,
            },
          },
          {
            "end": {
              "x": 273.7199999999999,
              "y": 49.63372254171108,
            },
            "kind": "line",
            "start": {
              "x": 274.8999999999999,
              "y": 47.58990258877981,
            },
          },
          {
            "end": {
              "x": 283.27052559548963,
              "y": 64.51199196254693,
            },
            "kind": "line",
            "start": {
              "x": 281.83384862302904,
              "y": 66.38430584563424,
            },
          },
          {
            "end": {
              "x": 287.58055651287134,
              "y": 58.89505031328498,
            },
            "kind": "line",
            "start": {
              "x": 289.01723348533193,
              "y": 57.02273643019767,
            },
          },
          {
            "end": {
              "x": 295.1073721836128,
              "y": 74.89262781638712,
            },
            "kind": "line",
            "start": {
              "x": 293.4386001800126,
              "y": 76.56139981998737,
            },
          },
          {
            "end": {
              "x": 300.1136881944136,
              "y": 69.88631180558636,
            },
            "kind": "line",
            "start": {
              "x": 301.78246019801384,
              "y": 68.2175398019861,
            },
          },
          {
            "end": {
              "x": 305.488008037453,
              "y": 86.72947440451036,
            },
            "kind": "line",
            "start": {
              "x": 303.6156941543657,
              "y": 88.16615137697093,
            },
          },
          {
            "end": {
              "x": 311.104949686715,
              "y": 82.4194434871286,
            },
            "kind": "line",
            "start": {
              "x": 312.9772635698023,
              "y": 80.98276651466803,
            },
          },
          {
            "end": {
              "x": 314.23481759949505,
              "y": 99.82000000000005,
            },
            "kind": "line",
            "start": {
              "x": 312.1909976465638,
              "y": 101.00000000000004,
            },
          },
          {
            "end": {
              "x": 320.3662774582889,
              "y": 96.28000000000003,
            },
            "kind": "line",
            "start": {
              "x": 322.41009741122014,
              "y": 95.10000000000004,
            },
          },
          {
            "end": {
              "x": 321.19814053305845,
              "y": 113.94022208053772,
            },
            "kind": "line",
            "start": {
              "x": 319.0177848363318,
              "y": 114.84335498091934,
            },
          },
          {
            "end": {
              "x": 327.73920762323837,
              "y": 111.23082337939287,
            },
            "kind": "line",
            "start": {
              "x": 329.919563319965,
              "y": 110.32769047901127,
            },
          },
          {
            "end": {
              "x": 326.25883245215226,
              "y": 128.84853973146062,
            },
            "kind": "line",
            "start": {
              "x": 323.97924750211007,
              "y": 129.45935267790256,
            },
          },
          {
            "end": {
              "x": 333.0975873022789,
              "y": 127.01610089213476,
            },
            "kind": "line",
            "start": {
              "x": 335.3771722523211,
              "y": 126.4052879456928,
            },
          },
          {
            "end": {
              "x": 329.3303035149518,
              "y": 144.28986750439458,
            },
            "kind": "line",
            "start": {
              "x": 326.99049364210964,
              "y": 144.5979093180339,
            },
          },
          {
            "end": {
              "x": 336.3497331334784,
              "y": 143.3657420634766,
            },
            "kind": "line",
            "start": {
              "x": 338.6895430063206,
              "y": 143.0577002498373,
            },
          },
          {
            "end": {
              "x": 339.8,
              "y": 159.99999999999997,
            },
            "kind": "line",
            "start": {
              "x": 328,
              "y": 159.99999999999997,
            },
          },
          {
            "end": {
              "x": 328,
              "y": 159.99999999999997,
            },
            "kind": "line",
            "start": {
              "x": 339.8,
              "y": 159.99999999999997,
            },
          },
        ],
        "kind": "group",
        "name": "TickMark",
      },
      {
        "children": [
          {
            "children": [
              {
                "children": [
                  {
                    "headCenter": {
                      "x": 96.0802996850975,
                      "y": 89.16017810519278,
                    },
                    "headSweepRad": -3.9415926535897916,
                    "kind": "timePointerPath",
                    "v1": {
                      "x": 100.97602712689167,
                      "y": 92.20453706210316,
                    },
                    "v2": {
                      "x": 97.91466504839016,
                      "y": 87.86585497830018,
                    },
                    "v3": {
                      "x": 95.73077560776598,
                      "y": 91.37783487805517,
                    },
                  },
                ],
                "kind": "group",
                "name": "TimePointerPast",
              },
              {
                "children": [
                  {
                    "center": {
                      "x": 210,
                      "y": 160,
                    },
                    "content": "0.94 m",
                    "kind": "arcText",
                    "radius": 138.06,
                    "size": 5.31,
                    "sweepRad": 0.13846153846153847,
                    "thetaStart": -2.65449972374737,
                  },
                ],
                "kind": "group",
                "name": "HeightLabelPast",
              },
            ],
            "kind": "group",
            "name": "TideMark",
          },
          {
            "children": [
              {
                "children": [
                  {
                    "headCenter": {
                      "x": 188.1477203951519,
                      "y": 27.642694338405562,
                    },
                    "headSweepRad": -3.941592653589791,
                    "kind": "timePointerPath",
                    "v1": {
                      "x": 189.0868275437091,
                      "y": 33.33078245361489,
                    },
                    "v2": {
                      "x": 190.330325171342,
                      "y": 28.168436702885742,
                    },
                    "v3": {
                      "x": 186.2499405163234,
                      "y": 28.842110935910483,
                    },
                  },
                ],
                "kind": "group",
                "name": "TimePointerPast",
              },
              {
                "children": [
                  {
                    "center": {
                      "x": 210,
                      "y": 160,
                    },
                    "content": "4.7 m",
                    "kind": "arcText",
                    "radius": 138.06,
                    "size": 5.31,
                    "sweepRad": 0.12,
                    "thetaStart": -1.794420944169365,
                  },
                ],
                "kind": "group",
                "name": "HeightLabelPast",
              },
            ],
            "kind": "group",
            "name": "TideMark",
          },
          {
            "children": [
              {
                "children": [
                  {
                    "headCenter": {
                      "x": 291.52540867588544,
                      "y": 53.46556319126165,
                    },
                    "headSweepRad": -3.9415926535898014,
                    "kind": "timePointerPath",
                    "v1": {
                      "x": 288.021833970591,
                      "y": 58.04390709788092,
                    },
                    "v2": {
                      "x": 292.63625476900006,
                      "y": 55.41650901323335,
                    },
                    "v3": {
                      "x": 289.351951881354,
                      "y": 52.90319835846887,
                    },
                  },
                ],
                "kind": "group",
                "name": "TimePointerPast",
              },
              {
                "children": [
                  {
                    "center": {
                      "x": 210,
                      "y": 160,
                    },
                    "content": "0.89 m",
                    "kind": "arcText",
                    "radius": 138.06000000000003,
                    "size": 5.31,
                    "sweepRad": 0.13846153846153847,
                    "thetaStart": -0.9868376234667882,
                  },
                ],
                "kind": "group",
                "name": "HeightLabelPast",
              },
            ],
            "kind": "group",
            "name": "TideMark",
          },
          {
            "children": [
              {
                "children": [
                  {
                    "headCenter": {
                      "x": 343.2192303193548,
                      "y": 144.2324650295645,
                    },
                    "headSweepRad": -3.9415926535897796,
                    "kind": "timePointerPath",
                    "v1": {
                      "x": 337.4941007777013,
                      "y": 144.91007876477298,
                    },
                    "v2": {
                      "x": 342.59407880041834,
                      "y": 146.38870115328294,
                    },
                    "v3": {
                      "x": 342.1079884601894,
                      "y": 142.281744605389,
                    },
                  },
                ],
                "kind": "group",
                "name": "TimePointerFuture",
              },
              {
                "children": [
                  {
                    "center": {
                      "x": 210,
                      "y": 160,
                    },
                    "content": "4.8 m",
                    "kind": "arcText",
                    "radius": 138.06,
                    "size": 5.31,
                    "sweepRad": 0.12,
                    "thetaStart": -0.17780972450961688,
                  },
                ],
                "kind": "group",
                "name": "HeightLabelFuture",
              },
            ],
            "kind": "group",
            "name": "TideMark",
          },
        ],
        "kind": "group",
        "name": "TideMarks",
      },
      {
        "children": [
          {
            "anchor": {
              "x": 87.97891513127965,
              "y": 141.5756194187094,
            },
            "angleRad": 0,
            "content": "01",
            "hAlign": "center",
            "kind": "text",
            "size": 4.72,
          },
          {
            "anchor": {
              "x": 91.1196448552992,
              "y": 125.78610484305236,
            },
            "angleRad": 0,
            "content": "02",
            "hAlign": "center",
            "kind": "text",
            "size": 4.72,
          },
          {
            "anchor": {
              "x": 96.2944504157059,
              "y": 110.54161924509896,
            },
            "angleRad": 0,
            "content": "03",
            "hAlign": "center",
            "kind": "text",
            "size": 4.72,
          },
          {
            "anchor": {
              "x": 103.41478945463398,
              "y": 96.10300000000004,
            },
            "angleRad": 0,
            "content": "04",
            "hAlign": "center",
            "kind": "text",
            "size": 4.72,
          },
          {
            "anchor": {
              "x": 112.35883099699652,
              "y": 82.71729588618072,
            },
            "angleRad": 0,
            "content": "05",
            "hAlign": "center",
            "kind": "text",
            "size": 4.72,
          },
          {
            "anchor": {
              "x": 122.97354001224683,
              "y": 70.61354001224686,
            },
            "angleRad": 0,
            "content": "06",
            "hAlign": "center",
            "kind": "text",
            "size": 4.72,
          },
          {
            "anchor": {
              "x": 135.0772958861807,
              "y": 59.998830996996546,
            },
            "angleRad": 0,
            "content": "07",
            "hAlign": "center",
            "kind": "text",
            "size": 4.72,
          },
          {
            "anchor": {
              "x": 148.46299999999994,
              "y": 51.05478945463402,
            },
            "angleRad": 0,
            "content": "08",
            "hAlign": "center",
            "kind": "text",
            "size": 4.72,
          },
          {
            "anchor": {
              "x": 162.90161924509886,
              "y": 43.934450415705925,
            },
            "angleRad": 0,
            "content": "09",
            "hAlign": "center",
            "kind": "text",
            "size": 4.72,
          },
          {
            "anchor": {
              "x": 178.14610484305237,
              "y": 38.7596448552992,
            },
            "angleRad": 0,
            "content": "10",
            "hAlign": "center",
            "kind": "text",
            "size": 4.72,
          },
          {
            "anchor": {
              "x": 193.93561941870936,
              "y": 35.61891513127965,
            },
            "angleRad": 0,
            "content": "11",
            "hAlign": "center",
            "kind": "text",
            "size": 4.72,
          },
          {
            "anchor": {
              "x": 209.99999999999997,
              "y": 34.566,
            },
            "angleRad": 0,
            "content": "12",
            "hAlign": "center",
            "kind": "text",
            "size": 4.72,
          },
          {
            "anchor": {
              "x": 226.06438058129058,
              "y": 35.61891513127965,
            },
            "angleRad": 0,
            "content": "13",
            "hAlign": "center",
            "kind": "text",
            "size": 4.72,
          },
          {
            "anchor": {
              "x": 241.85389515694757,
              "y": 38.759644855299186,
            },
            "angleRad": 0,
            "content": "14",
            "hAlign": "center",
            "kind": "text",
            "size": 4.72,
          },
          {
            "anchor": {
              "x": 257.0983807549011,
              "y": 43.93445041570591,
            },
            "angleRad": 0,
            "content": "15",
            "hAlign": "center",
            "kind": "text",
            "size": 4.72,
          },
          {
            "anchor": {
              "x": 271.5369999999999,
              "y": 51.05478945463395,
            },
            "angleRad": 0,
            "content": "16",
            "hAlign": "center",
            "kind": "text",
            "size": 4.72,
          },
          {
            "anchor": {
              "x": 284.92270411381924,
              "y": 59.99883099699652,
            },
            "angleRad": 0,
            "content": "17",
            "hAlign": "center",
            "kind": "text",
            "size": 4.72,
          },
          {
            "anchor": {
              "x": 297.0264599877531,
              "y": 70.61354001224683,
            },
            "angleRad": 0,
            "content": "18",
            "hAlign": "center",
            "kind": "text",
            "size": 4.72,
          },
          {
            "anchor": {
              "x": 307.6411690030035,
              "y": 82.7172958861807,
            },
            "angleRad": 0,
            "content": "19",
            "hAlign": "center",
            "kind": "text",
            "size": 4.72,
          },
          {
            "anchor": {
              "x": 316.585210545366,
              "y": 96.10300000000004,
            },
            "angleRad": 0,
            "content": "20",
            "hAlign": "center",
            "kind": "text",
            "size": 4.72,
          },
          {
            "anchor": {
              "x": 323.7055495842941,
              "y": 110.54161924509887,
            },
            "angleRad": 0,
            "content": "21",
            "hAlign": "center",
            "kind": "text",
            "size": 4.72,
          },
          {
            "anchor": {
              "x": 328.8803551447008,
              "y": 125.78610484305237,
            },
            "angleRad": 0,
            "content": "22",
            "hAlign": "center",
            "kind": "text",
            "size": 4.72,
          },
          {
            "anchor": {
              "x": 332.0210848687203,
              "y": 141.57561941870935,
            },
            "angleRad": 0,
            "content": "23",
            "hAlign": "center",
            "kind": "text",
            "size": 4.72,
          },
        ],
        "kind": "group",
        "name": "TickLabel",
      },
      {
        "children": [
          {
            "anchor": {
              "x": 85.14691513127966,
              "y": 20.9972948516411,
            },
            "angleRad": 0,
            "content": "High tide at 23:06",
            "hAlign": "left",
            "kind": "text",
            "size": 5.31,
          },
        ],
        "kind": "group",
        "name": "MainLabel",
      },
      {
        "children": [
          {
            "anchor": {
              "x": 350.5893170673573,
              "y": 28.667294851641117,
            },
            "angleRad": 0,
            "content": "Lymington",
            "hAlign": "right",
            "kind": "text",
            "size": 5.31,
          },
        ],
        "kind": "group",
        "name": "TimeNowLocation",
      },
      {
        "children": [
          {
            "anchor": {
              "x": 315.5433170673573,
              "y": 20.9972948516411,
            },
            "angleRad": 0,
            "content": "Mon 23 Mar",
            "hAlign": "right",
            "kind": "text",
            "size": 5.31,
          },
        ],
        "kind": "group",
        "name": "TimeNowDate",
      },
      {
        "children": [
          {
            "children": [
              {
                "anchor": {
                  "x": 341.0313170673573,
                  "y": 20.9972948516411,
                },
                "angleRad": 0,
                "content": "19:20",
                "hAlign": "right",
                "kind": "text",
                "size": 5.31,
              },
            ],
            "kind": "group",
            "name": "TimeNowLabelHms",
          },
          {
            "children": [
              {
                "anchor": {
                  "x": 344.21731706735727,
                  "y": 20.9972948516411,
                },
                "angleRad": 0,
                "content": ":",
                "hAlign": "right",
                "kind": "text",
                "size": 5.31,
              },
            ],
            "kind": "group",
            "name": "TimeNowLabelSecondsColon",
          },
          {
            "children": [
              {
                "anchor": {
                  "x": 350.5893170673573,
                  "y": 20.9972948516411,
                },
                "angleRad": 0,
                "content": "03",
                "hAlign": "right",
                "kind": "text",
                "size": 5.31,
              },
            ],
            "kind": "group",
            "name": "TimeNowLabelSeconds",
          },
        ],
        "kind": "group",
        "name": "TimeNowClock",
      },
      {
        "children": [
          {
            "center": {
              "x": 91.99999999999999,
              "y": 41.1752948516411,
            },
            "height": 15.34,
            "kind": "roundedRect",
            "rx": 4.484,
            "width": 23.6,
          },
          {
            "children": [
              {
                "anchor": {
                  "x": 91.99999999999999,
                  "y": 41.1752948516411,
                },
                "angleRad": 0,
                "content": "Menu",
                "dominantBaseline": "middle",
                "hAlign": "center",
                "kind": "text",
                "size": 4.956,
              },
            ],
            "kind": "group",
            "name": "HomeMenuTriggerLabel",
          },
        ],
        "kind": "group",
        "name": "HomeMenuTrigger",
      },
    ],
    "kind": "group",
    "name": "tideDiagram",
  },
  "version": 2,
}
`;
