// Vitest Snapshot v1, https://vitest.dev/guide/snapshot.html

exports[`buildDiagramGenerationSpec + createDiagramGenerationCollaborator > golden snapshot: stable diagram from fixture spec 1`] = `
{
  "annularBand": {
    "center": {
      "x": 0,
      "y": 0,
    },
    "rInner": 118,
    "rOuter": 127.44,
    "sweepRad": 3.141592653589793,
    "thetaLeft": 3.141592653589793,
  },
  "hand": {
    "arm": {
      "end": {
        "x": 95.21731375981993,
        "y": -66.65640299599137,
      },
      "start": {
        "x": 4.833366180701519,
        "y": -3.3835737561416943,
      },
    },
    "bossCircle": {
      "center": {
        "x": 0,
        "y": 0,
      },
      "radius": 5.9,
    },
    "theta": 5.67242915205982,
    "timeHours": 19.33416666666667,
  },
  "homeMenuTrigger": {
    "center": {
      "x": -114.106,
      "y": -105.25599999999999,
    },
    "cornerRadius": 4.484,
    "height": 15.34,
    "label": "Menu",
    "labelSize": 4.956,
    "width": 23.6,
  },
  "mainLabel": {
    "anchor": {
      "x": -125.90599999999999,
      "y": -125.434,
    },
    "content": "High tide at 23:06",
    "fontSize": 5.31,
    "hAlign": "left",
  },
  "meta": {
    "height": 320,
    "title": "home-tide-diagram",
    "width": 420,
  },
  "paintOrder": {
    "overrides": [
      {
        "name": "Hand",
        "place": "before",
        "relativeTo": "AnnularBand",
      },
    ],
  },
  "refArc": {
    "center": {
      "x": 0,
      "y": 0,
    },
    "refRadius": 118,
    "sweepRad": 3.141592653589793,
    "thetaLeft": 3.141592653589793,
    "thetaRight": 6.283185307179586,
  },
  "tickLabels": [
    {
      "anchor": {
        "x": -123.074,
        "y": -2.3599999999999848,
      },
      "content": "00",
      "fontSize": 4.72,
      "hour": 0,
      "theta": 3.141592653589793,
    },
    {
      "anchor": {
        "x": -113.7055495842941,
        "y": -49.458380754901036,
      },
      "content": "03",
      "fontSize": 4.72,
      "hour": 3,
      "theta": 3.5342917352885173,
    },
    {
      "anchor": {
        "x": -87.02645998775317,
        "y": -89.38645998775314,
      },
      "content": "06",
      "fontSize": 4.72,
      "hour": 6,
      "theta": 3.9269908169872414,
    },
    {
      "anchor": {
        "x": -47.09838075490113,
        "y": -116.06554958429408,
      },
      "content": "09",
      "fontSize": 4.72,
      "hour": 9,
      "theta": 4.319689898685965,
    },
    {
      "anchor": {
        "x": -2.26083270237392e-14,
        "y": -125.434,
      },
      "content": "12",
      "fontSize": 4.72,
      "hour": 12,
      "theta": 4.71238898038469,
    },
    {
      "anchor": {
        "x": 47.098380754901086,
        "y": -116.06554958429409,
      },
      "content": "15",
      "fontSize": 4.72,
      "hour": 15,
      "theta": 5.105088062083414,
    },
    {
      "anchor": {
        "x": 87.02645998775313,
        "y": -89.38645998775317,
      },
      "content": "18",
      "fontSize": 4.72,
      "hour": 18,
      "theta": 5.497787143782138,
    },
    {
      "anchor": {
        "x": 113.70554958429408,
        "y": -49.458380754901135,
      },
      "content": "21",
      "fontSize": 4.72,
      "hour": 21,
      "theta": 5.890486225480862,
    },
  ],
  "tickMarks": [
    {
      "end": {
        "x": -120.36,
        "y": 1.4739848874537543e-14,
      },
      "hour": 0,
      "start": {
        "x": -118,
        "y": 1.4450832229938766e-14,
      },
      "theta": 3.141592653589793,
    },
    {
      "end": {
        "x": -126.34973313347842,
        "y": -16.63425793652334,
      },
      "hour": 1,
      "start": {
        "x": -116.99049364210964,
        "y": -15.402090681966056,
      },
      "theta": 3.2724923474893677,
    },
    {
      "end": {
        "x": -123.09758730227888,
        "y": -32.983899107865255,
      },
      "hour": 2,
      "start": {
        "x": -113.97924750211006,
        "y": -30.540647322097453,
      },
      "theta": 3.4033920413889427,
    },
    {
      "end": {
        "x": -111.19814053305848,
        "y": -46.059777919462185,
      },
      "hour": 3,
      "start": {
        "x": -109.01778483633184,
        "y": -45.15664501908057,
      },
      "theta": 3.5342917352885173,
    },
    {
      "end": {
        "x": -110.36627745828889,
        "y": -63.71999999999997,
      },
      "hour": 4,
      "start": {
        "x": -102.19099764656379,
        "y": -58.999999999999964,
      },
      "theta": 3.665191429188092,
    },
    {
      "end": {
        "x": -101.10494968671502,
        "y": -77.58055651287137,
      },
      "hour": 5,
      "start": {
        "x": -93.61569415436576,
        "y": -71.83384862302904,
      },
      "theta": 3.796091123087667,
    },
    {
      "end": {
        "x": -85.10737218361288,
        "y": -85.10737218361285,
      },
      "hour": 6,
      "start": {
        "x": -83.43860018001263,
        "y": -83.4386001800126,
      },
      "theta": 3.9269908169872414,
    },
    {
      "end": {
        "x": -77.5805565128714,
        "y": -101.10494968671499,
      },
      "hour": 7,
      "start": {
        "x": -71.83384862302907,
        "y": -93.61569415436573,
      },
      "theta": 4.057890510886816,
    },
    {
      "end": {
        "x": -63.72000000000006,
        "y": -110.36627745828885,
      },
      "hour": 8,
      "start": {
        "x": -59.00000000000005,
        "y": -102.19099764656374,
      },
      "theta": 4.1887902047863905,
    },
    {
      "end": {
        "x": -46.05977791946227,
        "y": -111.19814053305845,
      },
      "hour": 9,
      "start": {
        "x": -45.156645019080656,
        "y": -109.01778483633181,
      },
      "theta": 4.319689898685965,
    },
    {
      "end": {
        "x": -32.983899107865234,
        "y": -123.09758730227888,
      },
      "hour": 10,
      "start": {
        "x": -30.540647322097435,
        "y": -113.97924750211006,
      },
      "theta": 4.4505895925855405,
    },
    {
      "end": {
        "x": -16.63425793652338,
        "y": -126.34973313347841,
      },
      "hour": 11,
      "start": {
        "x": -15.402090681966092,
        "y": -116.99049364210963,
      },
      "theta": 4.581489286485115,
    },
    {
      "end": {
        "x": -2.2109773311806313e-14,
        "y": -120.36,
      },
      "hour": 12,
      "start": {
        "x": -2.167624834490815e-14,
        "y": -118,
      },
      "theta": 4.71238898038469,
    },
    {
      "end": {
        "x": 16.634257936523333,
        "y": -126.34973313347842,
      },
      "hour": 13,
      "start": {
        "x": 15.40209068196605,
        "y": -116.99049364210964,
      },
      "theta": 4.843288674284264,
    },
    {
      "end": {
        "x": 32.98389910786519,
        "y": -123.0975873022789,
      },
      "hour": 14,
      "start": {
        "x": 30.540647322097396,
        "y": -113.97924750211007,
      },
      "theta": 4.974188368183839,
    },
    {
      "end": {
        "x": 46.059777919462235,
        "y": -111.19814053305846,
      },
      "hour": 15,
      "start": {
        "x": 45.15664501908062,
        "y": -109.01778483633183,
      },
      "theta": 5.105088062083414,
    },
    {
      "end": {
        "x": 63.71999999999992,
        "y": -110.36627745828892,
      },
      "hour": 16,
      "start": {
        "x": 58.99999999999992,
        "y": -102.1909976465638,
      },
      "theta": 5.235987755982988,
    },
    {
      "end": {
        "x": 77.58055651287135,
        "y": -101.10494968671502,
      },
      "hour": 17,
      "start": {
        "x": 71.83384862302903,
        "y": -93.61569415436576,
      },
      "theta": 5.366887449882563,
    },
    {
      "end": {
        "x": 85.10737218361284,
        "y": -85.10737218361288,
      },
      "hour": 18,
      "start": {
        "x": 83.43860018001259,
        "y": -83.43860018001263,
      },
      "theta": 5.497787143782138,
    },
    {
      "end": {
        "x": 101.10494968671499,
        "y": -77.5805565128714,
      },
      "hour": 19,
      "start": {
        "x": 93.61569415436573,
        "y": -71.83384862302907,
      },
      "theta": 5.6286868376817125,
    },
    {
      "end": {
        "x": 110.36627745828889,
        "y": -63.71999999999996,
      },
      "hour": 20,
      "start": {
        "x": 102.19099764656379,
        "y": -58.99999999999996,
      },
      "theta": 5.759586531581288,
    },
    {
      "end": {
        "x": 111.19814053305845,
        "y": -46.05977791946228,
      },
      "hour": 21,
      "start": {
        "x": 109.01778483633181,
        "y": -45.15664501908066,
      },
      "theta": 5.890486225480862,
    },
    {
      "end": {
        "x": 123.09758730227888,
        "y": -32.98389910786524,
      },
      "hour": 22,
      "start": {
        "x": 113.97924750211006,
        "y": -30.540647322097442,
      },
      "theta": 6.021385919380437,
    },
    {
      "end": {
        "x": 126.34973313347841,
        "y": -16.634257936523387,
      },
      "hour": 23,
      "start": {
        "x": 116.99049364210963,
        "y": -15.402090681966099,
      },
      "theta": 6.152285613280012,
    },
    {
      "end": {
        "x": 127.44000000000001,
        "y": -3.121379761666774e-14,
      },
      "hour": 24,
      "start": {
        "x": 118,
        "y": -2.890166445987753e-14,
      },
      "theta": 6.283185307179586,
    },
  ],
  "tideMarks": [
    {
      "heightLabel": {
        "anchor": {
          "x": -127.26143892357314,
          "y": -79.13624809846414,
        },
        "angleRad": 5.268712679457883,
        "content": "0.94 m",
        "fontSize": 5.31,
      },
      "temporalClass": "past",
      "theta": 3.6979163526629857,
      "timeHours": 4.25,
      "timeLabel": {
        "anchor": {
          "x": -120.24702890416359,
          "y": -74.7744076520921,
        },
        "angleRad": 5.268712679457883,
        "content": "04:15",
        "fontSize": 5.31,
      },
      "timePointer": {
        "circle": {
          "center": {
            "x": -113.1180534555414,
            "y": -70.34132584379326,
          },
          "radius": 2.245031991499648,
        },
        "triangle": {
          "v1": {
            "x": -108.22232601374724,
            "y": -67.29696688688288,
          },
          "v2": {
            "x": -111.28368809224874,
            "y": -71.63564897068586,
          },
          "v3": {
            "x": -113.46757753287292,
            "y": -68.12366907093087,
          },
        },
      },
    },
    {
      "heightLabel": {
        "anchor": {
          "x": -24.411515642913102,
          "y": -147.85836974624,
        },
        "angleRad": 6.119560689805118,
        "content": "4.7 m",
        "fontSize": 5.31,
      },
      "temporalClass": "past",
      "theta": 4.548764363010221,
      "timeHours": 10.75,
      "timeLabel": {
        "anchor": {
          "x": -23.065999032673794,
          "y": -139.70869582321885,
        },
        "angleRad": 6.119560689805118,
        "content": "10:45",
        "fontSize": 5.31,
      },
      "timePointer": {
        "circle": {
          "center": {
            "x": -21.698506277963588,
            "y": -131.42591435610632,
          },
          "radius": 2.2450319914996557,
        },
        "triangle": {
          "v1": {
            "x": -20.759399129406418,
            "y": -125.737826240897,
          },
          "v2": {
            "x": -19.51590150177352,
            "y": -130.90017199162614,
          },
          "v3": {
            "x": -23.596286156792125,
            "y": -130.2264977586014,
          },
        },
      },
    },
    {
      "heightLabel": {
        "anchor": {
          "x": 91.07328046199501,
          "y": -119.01124814861326,
        },
        "angleRad": 6.936374779738464,
        "content": "0.89 m",
        "fontSize": 5.31,
      },
      "temporalClass": "past",
      "theta": 5.365578452943567,
      "timeHours": 16.99,
      "timeLabel": {
        "anchor": {
          "x": 86.05349334991654,
          "y": -112.45157305380779,
        },
        "angleRad": 6.936374779738464,
        "content": "16:59",
        "fontSize": 5.31,
      },
      "timePointer": {
        "circle": {
          "center": {
            "x": 80.95171872021933,
            "y": -105.78475965504629,
          },
          "radius": 2.2450319914996473,
        },
        "triangle": {
          "v1": {
            "x": 77.44814401492489,
            "y": -101.20641574842702,
          },
          "v2": {
            "x": 82.06256481333396,
            "y": -103.83381383307459,
          },
          "v3": {
            "x": 78.77826192568793,
            "y": -106.34712448783907,
          },
        },
      },
    },
    {
      "heightLabel": {
        "anchor": {
          "x": 148.82123895926526,
          "y": -17.614154383031554,
        },
        "angleRad": 7.736171909464866,
        "content": "4.8 m",
        "fontSize": 5.31,
      },
      "temporalClass": "future",
      "theta": 6.165375582669969,
      "timeHours": 23.1,
      "timeLabel": {
        "anchor": {
          "x": 140.61849350481756,
          "y": -16.643295480029813,
        },
        "angleRad": 7.736171909464866,
        "content": "23:06",
        "fontSize": 5.31,
      },
      "timePointer": {
        "circle": {
          "center": {
            "x": 132.2817736959893,
            "y": -15.6565796672353,
          },
          "radius": 2.2450319914996397,
        },
        "triangle": {
          "v1": {
            "x": 126.55664415433581,
            "y": -14.978965932026833,
          },
          "v2": {
            "x": 131.65662217705287,
            "y": -13.500343543516864,
          },
          "v3": {
            "x": 131.1705318368239,
            "y": -17.6073000914108,
          },
        },
      },
    },
  ],
  "timeNowClock": {
    "hhmm": {
      "anchor": {
        "x": 117.882,
        "y": -125.434,
      },
      "content": "19:20",
      "fontSize": 5.31,
      "hAlign": "right",
    },
    "seconds": {
      "anchor": {
        "x": 127.44,
        "y": -125.434,
      },
      "content": "03",
      "fontSize": 5.31,
      "hAlign": "right",
    },
    "secondsColon": {
      "anchor": {
        "x": 121.068,
        "y": -125.434,
      },
      "content": ":",
      "fontSize": 5.31,
      "hAlign": "right",
    },
  },
  "timeNowDate": {
    "anchor": {
      "x": 92.394,
      "y": -125.434,
    },
    "content": "Mon 23 Mar",
    "fontSize": 5.31,
    "hAlign": "right",
  },
  "timeNowLocation": {
    "anchor": {
      "x": 127.44,
      "y": -117.764,
    },
    "content": "Lymington",
    "fontSize": 5.31,
    "hAlign": "right",
  },
  "version": 1,
}
`;

exports[`buildDiagramGenerationSpec + createDiagramGenerationCollaborator > golden snapshot: stable scene from fixture spec 1`] = `
{
  "meta": {
    "height": 320,
    "previewFrame": {
      "maxX": 361.81206303130307,
      "maxY": 166.9,
      "minX": 75.78943584312943,
      "minY": 8.796352589497971,
    },
    "title": "home-tide-diagram",
    "width": 420,
  },
  "root": {
    "children": [
      {
        "children": [
          {
            "children": [
              {
                "center": {
                  "x": 210,
                  "y": 160,
                },
                "kind": "circle",
                "radius": 5.9,
              },
            ],
            "kind": "group",
            "name": "BossCircle",
          },
          {
            "children": [
              {
                "end": {
                  "x": 305.21731375981994,
                  "y": 93.34359700400863,
                },
                "kind": "line",
                "start": {
                  "x": 214.83336618070152,
                  "y": 156.6164262438583,
                },
              },
            ],
            "kind": "group",
            "name": "Arm",
          },
        ],
        "kind": "group",
        "name": "Hand",
      },
      {
        "children": [
          {
            "center": {
              "x": 210,
              "y": 160,
            },
            "kind": "annularSector",
            "rInner": 118,
            "rOuter": 127.44,
            "sweepRad": 3.141592653589793,
            "thetaStart": 3.141592653589793,
          },
        ],
        "kind": "group",
        "name": "AnnularBand",
      },
      {
        "children": [
          {
            "center": {
              "x": 210,
              "y": 160,
            },
            "kind": "arc",
            "start": {
              "x": 92,
              "y": 160.00000000000003,
            },
            "sweepRad": 3.141592653589793,
          },
        ],
        "kind": "group",
        "name": "RefArc",
      },
      {
        "children": [
          {
            "end": {
              "x": 89.64,
              "y": 160.00000000000003,
            },
            "kind": "line",
            "start": {
              "x": 92,
              "y": 160.00000000000003,
            },
          },
          {
            "end": {
              "x": 83.65026686652158,
              "y": 143.36574206347666,
            },
            "kind": "line",
            "start": {
              "x": 93.00950635789036,
              "y": 144.59790931803394,
            },
          },
          {
            "end": {
              "x": 86.90241269772112,
              "y": 127.01610089213474,
            },
            "kind": "line",
            "start": {
              "x": 96.02075249788994,
              "y": 129.45935267790256,
            },
          },
          {
            "end": {
              "x": 98.80185946694152,
              "y": 113.94022208053781,
            },
            "kind": "line",
            "start": {
              "x": 100.98221516366816,
              "y": 114.84335498091943,
            },
          },
          {
            "end": {
              "x": 99.63372254171111,
              "y": 96.28000000000003,
            },
            "kind": "line",
            "start": {
              "x": 107.80900235343621,
              "y": 101.00000000000003,
            },
          },
          {
            "end": {
              "x": 108.89505031328498,
              "y": 82.41944348712863,
            },
            "kind": "line",
            "start": {
              "x": 116.38430584563424,
              "y": 88.16615137697096,
            },
          },
          {
            "end": {
              "x": 124.89262781638712,
              "y": 74.89262781638715,
            },
            "kind": "line",
            "start": {
              "x": 126.56139981998737,
              "y": 76.5613998199874,
            },
          },
          {
            "end": {
              "x": 132.4194434871286,
              "y": 58.89505031328501,
            },
            "kind": "line",
            "start": {
              "x": 138.16615137697093,
              "y": 66.38430584563427,
            },
          },
          {
            "end": {
              "x": 146.27999999999994,
              "y": 49.63372254171115,
            },
            "kind": "line",
            "start": {
              "x": 150.99999999999994,
              "y": 57.809002353436256,
            },
          },
          {
            "end": {
              "x": 163.94022208053772,
              "y": 48.80185946694155,
            },
            "kind": "line",
            "start": {
              "x": 164.84335498091934,
              "y": 50.98221516366819,
            },
          },
          {
            "end": {
              "x": 177.01610089213477,
              "y": 36.90241269772112,
            },
            "kind": "line",
            "start": {
              "x": 179.45935267790256,
              "y": 46.020752497889944,
            },
          },
          {
            "end": {
              "x": 193.36574206347663,
              "y": 33.65026686652159,
            },
            "kind": "line",
            "start": {
              "x": 194.5979093180339,
              "y": 43.00950635789037,
            },
          },
          {
            "end": {
              "x": 209.99999999999997,
              "y": 39.64,
            },
            "kind": "line",
            "start": {
              "x": 209.99999999999997,
              "y": 42,
            },
          },
          {
            "end": {
              "x": 226.63425793652334,
              "y": 33.65026686652158,
            },
            "kind": "line",
            "start": {
              "x": 225.40209068196606,
              "y": 43.00950635789036,
            },
          },
          {
            "end": {
              "x": 242.9838991078652,
              "y": 36.902412697721104,
            },
            "kind": "line",
            "start": {
              "x": 240.54064732209739,
              "y": 46.02075249788993,
            },
          },
          {
            "end": {
              "x": 256.05977791946225,
              "y": 48.801859466941536,
            },
            "kind": "line",
            "start": {
              "x": 255.15664501908063,
              "y": 50.98221516366817,
            },
          },
          {
            "end": {
              "x": 273.7199999999999,
              "y": 49.63372254171108,
            },
            "kind": "line",
            "start": {
              "x": 268.99999999999994,
              "y": 57.8090023534362,
            },
          },
          {
            "end": {
              "x": 287.58055651287134,
              "y": 58.89505031328498,
            },
            "kind": "line",
            "start": {
              "x": 281.83384862302904,
              "y": 66.38430584563424,
            },
          },
          {
            "end": {
              "x": 295.1073721836128,
              "y": 74.89262781638712,
            },
            "kind": "line",
            "start": {
              "x": 293.4386001800126,
              "y": 76.56139981998737,
            },
          },
          {
            "end": {
              "x": 311.104949686715,
              "y": 82.4194434871286,
            },
            "kind": "line",
            "start": {
              "x": 303.6156941543657,
              "y": 88.16615137697093,
            },
          },
          {
            "end": {
              "x": 320.3662774582889,
              "y": 96.28000000000003,
            },
            "kind": "line",
            "start": {
              "x": 312.1909976465638,
              "y": 101.00000000000004,
            },
          },
          {
            "end": {
              "x": 321.19814053305845,
              "y": 113.94022208053772,
            },
            "kind": "line",
            "start": {
              "x": 319.0177848363318,
              "y": 114.84335498091934,
            },
          },
          {
            "end": {
              "x": 333.0975873022789,
              "y": 127.01610089213476,
            },
            "kind": "line",
            "start": {
              "x": 323.97924750211007,
              "y": 129.45935267790256,
            },
          },
          {
            "end": {
              "x": 336.3497331334784,
              "y": 143.3657420634766,
            },
            "kind": "line",
            "start": {
              "x": 326.99049364210964,
              "y": 144.5979093180339,
            },
          },
          {
            "end": {
              "x": 337.44,
              "y": 159.99999999999997,
            },
            "kind": "line",
            "start": {
              "x": 328,
              "y": 159.99999999999997,
            },
          },
        ],
        "kind": "group",
        "name": "TickMark",
      },
      {
        "children": [
          {
            "children": [
              {
                "children": [
                  {
                    "end": {
                      "x": 98.71631190775126,
                      "y": 88.36435102931414,
                    },
                    "kind": "line",
                    "start": {
                      "x": 101.77767398625276,
                      "y": 92.70303311311712,
                    },
                  },
                  {
                    "end": {
                      "x": 96.53242246712708,
                      "y": 91.87633092906913,
                    },
                    "kind": "line",
                    "start": {
                      "x": 101.77767398625276,
                      "y": 92.70303311311712,
                    },
                  },
                  {
                    "center": {
                      "x": 96.8819465444586,
                      "y": 89.65867415620674,
                    },
                    "kind": "arc",
                    "start": {
                      "x": 98.71631190775126,
                      "y": 88.36435102931414,
                    },
                    "sweepRad": -3.9415926535897916,
                  },
                ],
                "kind": "group",
                "name": "TimePointerPast",
              },
              {
                "children": [
                  {
                    "anchor": {
                      "x": 82.73856107642686,
                      "y": 80.86375190153586,
                    },
                    "angleRad": 5.268712679457883,
                    "content": "0.94 m",
                    "hAlign": "center",
                    "kind": "text",
                    "size": 5.31,
                  },
                ],
                "kind": "group",
                "name": "HeightLabelPast",
              },
              {
                "children": [
                  {
                    "anchor": {
                      "x": 89.75297109583641,
                      "y": 85.2255923479079,
                    },
                    "angleRad": 5.268712679457883,
                    "content": "04:15",
                    "hAlign": "center",
                    "kind": "text",
                    "size": 5.31,
                  },
                ],
                "kind": "group",
                "name": "TimeLabelPast",
              },
            ],
            "kind": "group",
            "name": "TideMark",
          },
          {
            "children": [
              {
                "children": [
                  {
                    "end": {
                      "x": 190.48409849822647,
                      "y": 29.099828008373862,
                    },
                    "kind": "line",
                    "start": {
                      "x": 189.2406008705936,
                      "y": 34.26217375910301,
                    },
                  },
                  {
                    "end": {
                      "x": 186.40371384320787,
                      "y": 29.773502241398603,
                    },
                    "kind": "line",
                    "start": {
                      "x": 189.2406008705936,
                      "y": 34.26217375910301,
                    },
                  },
                  {
                    "center": {
                      "x": 188.3014937220364,
                      "y": 28.57408564389368,
                    },
                    "kind": "arc",
                    "start": {
                      "x": 190.48409849822647,
                      "y": 29.099828008373862,
                    },
                    "sweepRad": -3.941592653589787,
                  },
                ],
                "kind": "group",
                "name": "TimePointerPast",
              },
              {
                "children": [
                  {
                    "anchor": {
                      "x": 185.58848435708688,
                      "y": 12.141630253760013,
                    },
                    "angleRad": 6.119560689805118,
                    "content": "4.7 m",
                    "hAlign": "center",
                    "kind": "text",
                    "size": 5.31,
                  },
                ],
                "kind": "group",
                "name": "HeightLabelPast",
              },
              {
                "children": [
                  {
                    "anchor": {
                      "x": 186.9340009673262,
                      "y": 20.291304176781154,
                    },
                    "angleRad": 6.119560689805118,
                    "content": "10:45",
                    "hAlign": "center",
                    "kind": "text",
                    "size": 5.31,
                  },
                ],
                "kind": "group",
                "name": "TimeLabelPast",
              },
            ],
            "kind": "group",
            "name": "TideMark",
          },
          {
            "children": [
              {
                "children": [
                  {
                    "end": {
                      "x": 292.06256481333395,
                      "y": 56.166186166925414,
                    },
                    "kind": "line",
                    "start": {
                      "x": 287.4481440149249,
                      "y": 58.79358425157298,
                    },
                  },
                  {
                    "end": {
                      "x": 288.77826192568796,
                      "y": 53.65287551216093,
                    },
                    "kind": "line",
                    "start": {
                      "x": 287.4481440149249,
                      "y": 58.79358425157298,
                    },
                  },
                  {
                    "center": {
                      "x": 290.95171872021933,
                      "y": 54.21524034495371,
                    },
                    "kind": "arc",
                    "start": {
                      "x": 292.06256481333395,
                      "y": 56.166186166925414,
                    },
                    "sweepRad": -3.941592653589795,
                  },
                ],
                "kind": "group",
                "name": "TimePointerPast",
              },
              {
                "children": [
                  {
                    "anchor": {
                      "x": 301.073280461995,
                      "y": 40.98875185138674,
                    },
                    "angleRad": 6.936374779738464,
                    "content": "0.89 m",
                    "hAlign": "center",
                    "kind": "text",
                    "size": 5.31,
                  },
                ],
                "kind": "group",
                "name": "HeightLabelPast",
              },
              {
                "children": [
                  {
                    "anchor": {
                      "x": 296.05349334991655,
                      "y": 47.54842694619221,
                    },
                    "angleRad": 6.936374779738464,
                    "content": "16:59",
                    "hAlign": "center",
                    "kind": "text",
                    "size": 5.31,
                  },
                ],
                "kind": "group",
                "name": "TimeLabelPast",
              },
            ],
            "kind": "group",
            "name": "TideMark",
          },
          {
            "children": [
              {
                "children": [
                  {
                    "end": {
                      "x": 341.6566221770529,
                      "y": 146.49965645648314,
                    },
                    "kind": "line",
                    "start": {
                      "x": 336.5566441543358,
                      "y": 145.02103406797318,
                    },
                  },
                  {
                    "end": {
                      "x": 341.1705318368239,
                      "y": 142.3926999085892,
                    },
                    "kind": "line",
                    "start": {
                      "x": 336.5566441543358,
                      "y": 145.02103406797318,
                    },
                  },
                  {
                    "center": {
                      "x": 342.2817736959893,
                      "y": 144.3434203327647,
                    },
                    "kind": "arc",
                    "start": {
                      "x": 341.6566221770529,
                      "y": 146.49965645648314,
                    },
                    "sweepRad": -3.941592653589755,
                  },
                ],
                "kind": "group",
                "name": "TimePointerFuture",
              },
              {
                "children": [
                  {
                    "anchor": {
                      "x": 358.82123895926526,
                      "y": 142.38584561696845,
                    },
                    "angleRad": 7.736171909464866,
                    "content": "4.8 m",
                    "hAlign": "center",
                    "kind": "text",
                    "size": 5.31,
                  },
                ],
                "kind": "group",
                "name": "HeightLabelFuture",
              },
              {
                "children": [
                  {
                    "anchor": {
                      "x": 350.6184935048176,
                      "y": 143.35670451997018,
                    },
                    "angleRad": 7.736171909464866,
                    "content": "23:06",
                    "hAlign": "center",
                    "kind": "text",
                    "size": 5.31,
                  },
                ],
                "kind": "group",
                "name": "TimeLabelFuture",
              },
            ],
            "kind": "group",
            "name": "TideMark",
          },
        ],
        "kind": "group",
        "name": "TideMarks",
      },
      {
        "children": [
          {
            "anchor": {
              "x": 86.926,
              "y": 157.64000000000001,
            },
            "angleRad": 0,
            "content": "00",
            "hAlign": "center",
            "kind": "text",
            "size": 4.72,
          },
          {
            "anchor": {
              "x": 96.2944504157059,
              "y": 110.54161924509896,
            },
            "angleRad": 0,
            "content": "03",
            "hAlign": "center",
            "kind": "text",
            "size": 4.72,
          },
          {
            "anchor": {
              "x": 122.97354001224683,
              "y": 70.61354001224686,
            },
            "angleRad": 0,
            "content": "06",
            "hAlign": "center",
            "kind": "text",
            "size": 4.72,
          },
          {
            "anchor": {
              "x": 162.90161924509886,
              "y": 43.934450415705925,
            },
            "angleRad": 0,
            "content": "09",
            "hAlign": "center",
            "kind": "text",
            "size": 4.72,
          },
          {
            "anchor": {
              "x": 209.99999999999997,
              "y": 34.566,
            },
            "angleRad": 0,
            "content": "12",
            "hAlign": "center",
            "kind": "text",
            "size": 4.72,
          },
          {
            "anchor": {
              "x": 257.0983807549011,
              "y": 43.93445041570591,
            },
            "angleRad": 0,
            "content": "15",
            "hAlign": "center",
            "kind": "text",
            "size": 4.72,
          },
          {
            "anchor": {
              "x": 297.0264599877531,
              "y": 70.61354001224683,
            },
            "angleRad": 0,
            "content": "18",
            "hAlign": "center",
            "kind": "text",
            "size": 4.72,
          },
          {
            "anchor": {
              "x": 323.7055495842941,
              "y": 110.54161924509887,
            },
            "angleRad": 0,
            "content": "21",
            "hAlign": "center",
            "kind": "text",
            "size": 4.72,
          },
        ],
        "kind": "group",
        "name": "TickLabel",
      },
      {
        "children": [
          {
            "anchor": {
              "x": 84.09400000000001,
              "y": 34.566,
            },
            "angleRad": 0,
            "content": "High tide at 23:06",
            "hAlign": "left",
            "kind": "text",
            "size": 5.31,
          },
        ],
        "kind": "group",
        "name": "MainLabel",
      },
      {
        "children": [
          {
            "anchor": {
              "x": 337.44,
              "y": 42.236000000000004,
            },
            "angleRad": 0,
            "content": "Lymington",
            "hAlign": "right",
            "kind": "text",
            "size": 5.31,
          },
        ],
        "kind": "group",
        "name": "TimeNowLocation",
      },
      {
        "children": [
          {
            "anchor": {
              "x": 302.394,
              "y": 34.566,
            },
            "angleRad": 0,
            "content": "Mon 23 Mar",
            "hAlign": "right",
            "kind": "text",
            "size": 5.31,
          },
        ],
        "kind": "group",
        "name": "TimeNowDate",
      },
      {
        "children": [
          {
            "children": [
              {
                "anchor": {
                  "x": 327.882,
                  "y": 34.566,
                },
                "angleRad": 0,
                "content": "19:20",
                "hAlign": "right",
                "kind": "text",
                "size": 5.31,
              },
            ],
            "kind": "group",
            "name": "TimeNowLabelHms",
          },
          {
            "children": [
              {
                "anchor": {
                  "x": 331.068,
                  "y": 34.566,
                },
                "angleRad": 0,
                "content": ":",
                "hAlign": "right",
                "kind": "text",
                "size": 5.31,
              },
            ],
            "kind": "group",
            "name": "TimeNowLabelSecondsColon",
          },
          {
            "children": [
              {
                "anchor": {
                  "x": 337.44,
                  "y": 34.566,
                },
                "angleRad": 0,
                "content": "03",
                "hAlign": "right",
                "kind": "text",
                "size": 5.31,
              },
            ],
            "kind": "group",
            "name": "TimeNowLabelSeconds",
          },
        ],
        "kind": "group",
        "name": "TimeNowClock",
      },
      {
        "children": [
          {
            "center": {
              "x": 95.894,
              "y": 54.744000000000014,
            },
            "height": 15.34,
            "kind": "roundedRect",
            "rx": 4.484,
            "width": 23.6,
          },
          {
            "children": [
              {
                "anchor": {
                  "x": 95.894,
                  "y": 54.744000000000014,
                },
                "angleRad": 0,
                "content": "Menu",
                "dominantBaseline": "middle",
                "hAlign": "center",
                "kind": "text",
                "size": 4.956,
              },
            ],
            "kind": "group",
            "name": "HomeMenuTriggerLabel",
          },
        ],
        "kind": "group",
        "name": "HomeMenuTrigger",
      },
    ],
    "kind": "group",
    "name": "tideDiagram",
  },
  "version": 2,
}
`;
